Component: ARM Compiler 5.05 (build 41) Tool: armlink [4d0eb9]

==============================================================================

Section Cross References

    startup.o(.text) refers to rt_memcpy.o(.text) for __aeabi_memcpy
    startup.o(.text) refers to arm_cm0.o(.text) for write_vtor
    arm_cm0.o(.text) refers to arm_cm0.o(.bss) for .bss
    start.o(.text) refers to startup.o(.text) for common_startup
    start.o(.text) refers to frdm_accel_test.o(.text) for main
    vectors.o(.intvec) refers to crt0.o(.text) for __startup
    vectors.o(.intvec) refers to vectors.o(.text) for default_isr
    vectors.o(.intvec) refers to pit.o(.text) for pit_isr
    vectors.o(.intvec) refers to gpio.o(.text) for portcd_isr
    crt0.o(.text) refers to start.o(.text) for start
    adc.o(.text) refers to adc.o(.bss) for .bss
    cmp.o(.text) refers to cmp.o(.bss) for .bss
    dac.o(.text) refers to dac.o(.bss) for .bss
    dma.o(.text) refers to dma.o(.bss) for .bss
    gpio.o(.text) refers to gpio.o(.bss) for .bss
    i2c.o(.text) refers to i2c.o(.bss) for .bss
    llwu.o(.text) refers to llwu.o(.bss) for .bss
    pit.o(.text) refers to pit.o(.bss) for .bss
    pmc.o(.text) refers to pmc.o(.bss) for .bss
    rtc.o(.text) refers to arch_delay.o(.text) for arch_delay
    rtc.o(.text) refers to aeabi_sdivfast.o(.text) for __aeabi_idivmod
    rtc.o(.text) refers to rtc.o(.bss) for .bss
    rtc.o(.text) refers to rtc.o(.constdata) for .constdata
    spi.o(.text) refers to spi.o(.bss) for .bss
    tpm.o(.text) refers to tpm.o(.bss) for .bss
    uart.o(.text) refers to uart.o(.bss) for .bss
    lptmr.o(.text) refers to lptmr.o(.bss) for .bss
    flexio.o(.text) refers to flexio.o(.bss) for .bss
    lpuart.o(.text) refers to lpuart.o(.bss) for .bss
    sai.o(.text) refers to sai.o(.constdata) for .constdata
    sai.o(.text) refers to sai.o(.bss) for .bss
    lcd.o(.text) refers to lcd.o(.bss) for .bss
    lcd.o(.text) refers to lcd.o(.constdata) for .constdata
    usb_class.o(.text) refers to usb_driver.o(.text) for _usb_device_get_status
    usb_class.o(.text) refers to usb_framework.o(.text) for USB_Framework_Init
    usb_class.o(.text) refers to usb_descriptor.o(.text) for USB_Desc_Remote_Wakeup
    usb_class.o(.text) refers to usb_dci_kinetis.o(.text) for _usb_device_assert_resume
    usb_class.o(.text) refers to usb_class.o(.bss) for .bss
    usb_framework.o(.text) refers to usb_driver.o(.text) for _usb_device_get_status
    usb_framework.o(.text) refers to usb_class.o(.text) for USB_Class_Send_Data
    usb_framework.o(.text) refers to usb_framework.o(i.__ARM_common_memcpy1_8) for __ARM_common_memcpy1_8
    usb_framework.o(.text) refers to usb_dci_kinetis.o(.text) for _usb_device_recv_data
    usb_framework.o(.text) refers to usb_descriptor.o(.text) for USB_Desc_Get_Descriptor
    usb_framework.o(.text) refers to usb_framework.o(.bss) for .bss
    usb_framework.o(.text) refers to usb_framework.o(.constdata) for .constdata
    usb_framework.o(.constdata) refers to usb_framework.o(.text) for USB_Strd_Req_Get_Status
    usb_hid.o(.text) refers to usb_descriptor.o(.text) for USB_Desc_Get_Endpoints
    usb_hid.o(.text) refers to usb_class.o(.text) for USB_Class_Send_Data
    usb_hid.o(.text) refers to usb_driver.o(.text) for _usb_device_deinit_endpoint
    usb_hid.o(.text) refers to usb_hid.o(.bss) for .bss
    usb_dci_kinetis.o(.text) refers to aeabi_memset.o(.text) for __aeabi_memset
    usb_dci_kinetis.o(.text) refers to usb_dci_kinetis.o(.bss) for .bss
    usb_dci_kinetis.o(.text) refers to usb_dci_kinetis.o(.data) for .data
    usb_dci_kinetis.o(.text) refers to usb_dci_kinetis.o(.constdata) for .constdata
    usb_dci_kinetis.o(.text) refers to usb_framework.o(i.__ARM_common_memcpy1_8) for __ARM_common_memcpy1_8
    usb_dci_kinetis.o(.text) refers to usb_driver.o(.text) for _usb_device_set_status
    usb_dci_kinetis.o(.text) refers to aeabi_sdivfast.o(.text) for __aeabi_uidivmod
    usb_driver.o(.text) refers to aeabi_memset.o(.text) for __aeabi_memset
    usb_driver.o(.text) refers to usb_driver.o(i.__ARM_common_memset1_5) for __ARM_common_memset1_5
    usb_driver.o(.text) refers to usb_dci_kinetis.o(.text) for USB_DCI_Init
    usb_driver.o(.text) refers to usb_driver.o(.bss) for .bss
    usb_driver.o(.text) refers to usb_driver.o(.constdata) for .constdata
    usb_driver.o(.constdata) refers to usb_framework.o(.text) for USB_Control_Service
    usb_driver.o(.constdata) refers to usb_hid.o(.text) for USB_Service_Hid
    usb_driver.o(.constdata) refers to usb_driver.o(.text) for USB_NULL_CALLBACK
    usb_driver.o(.constdata) refers to usb_class.o(.text) for USB_Reset_Service
    usb_descriptor.o(.text) refers to usb_descriptor.o(.constdata) for .constdata
    usb_descriptor.o(.text) refers to usb_descriptor.o(.bss) for .bss
    usb_descriptor.o(.constdata) refers to usb_descriptor.o(.constdata) for g_device_descriptor
    usb_descriptor.o(.constdata) refers to usb_descriptor.o(.constdata) for g_config_descriptor
    usb_descriptor.o(.constdata) refers to usb_descriptor.o(.constdata) for g_report_descriptor
    usb_descriptor.o(.constdata) refers to usb_descriptor.o(.constdata) for g_string_descriptors
    usb_descriptor.o(.constdata) refers to usb_descriptor.o(.constdata) for g_string_desc_size
    usb_descriptor.o(.constdata) refers to usb_descriptor.o(.constdata) for USB_STR_0
    usb_descriptor.o(.constdata) refers to usb_descriptor.o(.constdata) for USB_STR_1
    usb_descriptor.o(.constdata) refers to usb_descriptor.o(.constdata) for USB_STR_2
    usb_descriptor.o(.constdata) refers to usb_descriptor.o(.constdata) for USB_STR_n
    usb_mouse.o(.text) refers to usb_hid.o(.text) for USB_Class_HID_Init
    usb_mouse.o(.text) refers to usb_class.o(.text) for USB_Class_Periodic_Task
    usb_mouse.o(.text) refers to usb_mouse.o(.bss) for .bss
    flexio_i2c.o(.text) refers to aeabi_sdivfast.o(.text) for __aeabi_uidivmod
    flexio_i2s.o(.text) refers to dflti.o(.text) for __aeabi_ui2d
    flexio_i2s.o(.text) refers to dmul.o(.text) for __aeabi_dmul
    flexio_i2s.o(.text) refers to ddiv.o(.text) for __aeabi_ddiv
    flexio_i2s.o(.text) refers to daddsub.o(.text) for __aeabi_dadd
    flexio_i2s.o(.text) refers to dfixui.o(.text) for __aeabi_d2uiz
    flexio_i2s.o(.text) refers to aeabi_sdivfast.o(.text) for __aeabi_uidivmod
    flexio_i2s.o(.text) refers to flexio.o(.text) for FLEXIO_RegisterCallback
    flexio_spi_master.o(.text) refers to aeabi_sdivfast.o(.text) for __aeabi_uidivmod
    flexio_spi_slave.o(.text) refers to flexio.o(.text) for FLEXIO_RegisterCallback
    frdm_accel_test.o(.text) refers to mma845x.o(.text) for MMA845x_I2C0_ReadRawData
    frdm_accel_test.o(.text) refers to sim.o(.text) for SIM_Init
    frdm_accel_test.o(.text) refers to mcg_lite.o(.text) for MCG_LITE_Init
    frdm_accel_test.o(.text) refers to gpio.o(.text) for PORTC_Init
    frdm_accel_test.o(.text) refers to rt_memcpy.o(.emb_text) for __aeabi_memcpy4
    frdm_accel_test.o(.text) refers to lcd.o(.text) for LCD_Init
    frdm_accel_test.o(.text) refers to pit.o(.text) for PIT0_CH0_Init
    frdm_accel_test.o(.text) refers to i2c.o(.text) for I2C0_Init
    frdm_accel_test.o(.text) refers to frdm_accel_test.o(.bss) for .bss
    frdm_accel_test.o(.text) refers to frdm_accel_test.o(.constdata) for .constdata
    fxos8700.o(.text) refers to i2c.o(.text) for I2C0_WriteByte
    fxos8700.o(.text) refers to fxos8700.o(.bss) for .bss
    mma845x.o(.text) refers to i2c.o(.text) for I2C0_WriteByte
    mma845x.o(.text) refers to mma845x.o(.bss) for .bss
    mma845x.o(.text) refers to aeabi_sdivfast.o(.text) for __aeabi_idivmod
    freemaster_kxx.o(.text) refers to freemaster_kxx.o(.bss) for .bss
    freemaster_protocol.o(.text) refers to freemaster_scope.o(.text) for FMSTR_InitScope
    freemaster_protocol.o(.text) refers to freemaster_rec.o(.text) for FMSTR_InitRec
    freemaster_protocol.o(.text) refers to freemaster_serial.o(.text) for FMSTR_InitSerial
    freemaster_protocol.o(.text) refers to freemaster_kxx.o(.text) for FMSTR_ValueToBuffer16
    freemaster_rec.o(.text) refers to freemaster_kxx.o(.text) for FMSTR_ValueFromBuffer16
    freemaster_rec.o(.text) refers to freemaster_rec.o(.bss) for .bss
    freemaster_scope.o(.text) refers to freemaster_kxx.o(.text) for FMSTR_AddressFromBuffer
    freemaster_scope.o(.text) refers to freemaster_scope.o(.bss) for .bss
    freemaster_serial.o(.text) refers to freemaster_protocol.o(.text) for FMSTR_ProtocolDecoder
    freemaster_serial.o(.text) refers to freemaster_serial.o(.bss) for .bss
    rt_memcpy.o(.text) refers to rt_memcpy.o(.emb_text) for __aeabi_memcpy4
    aeabi_memset.o(.text) refers to rt_memclr.o(.text) for _memset
    daddsub.o(.text) refers (Special) to usenofp.o(x$fpl$usenofp) for __I$use$fp
    ddiv.o(.text) refers (Special) to usenofp.o(x$fpl$usenofp) for __I$use$fp
    ddiv.o(.text) refers to ddiv.o(.constdata) for .constdata
    ddiv.o(.constdata) refers (Special) to usenofp.o(x$fpl$usenofp) for __I$use$fp
    dfixui.o(.text) refers (Special) to usenofp.o(x$fpl$usenofp) for __I$use$fp
    dflti.o(.text) refers (Special) to usenofp.o(x$fpl$usenofp) for __I$use$fp
    dmul.o(.text) refers (Special) to usenofp.o(x$fpl$usenofp) for __I$use$fp
    aeabi_idiv0_sigfpe.o(.text) refers to rt_div0.o(.text) for __rt_div0
    rt_div0.o(.text) refers to defsig_fpe_outer.o(.text) for __rt_SIGFPE
    defsig_fpe_outer.o(.text) refers to defsig_fpe_inner.o(.text) for __rt_SIGFPE_inner
    defsig_fpe_outer.o(.text) refers to defsig_exit.o(.text) for __sig_exit
    defsig_fpe_formal.o(.text) refers to rt_raise.o(.text) for __rt_raise
    rt_raise.o(.text) refers to __raise.o(.text) for __raise
    rt_raise.o(.text) refers to sys_exit.o(.text) for _sys_exit
    defsig_exit.o(.text) refers to sys_exit.o(.text) for _sys_exit
    defsig_fpe_inner.o(.text) refers to defsig_general.o(.text) for __default_signal_display
    sys_exit.o(.text) refers (Special) to use_no_semi.o(.text) for __I$use$semihosting
    sys_exit.o(.text) refers (Special) to indicate_semi.o(.text) for __semihosting_library_function
    __raise.o(.text) refers to defsig.o(CL$$defsig) for __default_signal_handler
    defsig_general.o(.text) refers to sys_wrch.o(.text) for _ttywrch
    sys_wrch.o(.text) refers (Special) to use_no_semi.o(.text) for __I$use$semihosting
    sys_wrch.o(.text) refers (Special) to indicate_semi.o(.text) for __semihosting_library_function
    defsig.o(CL$$defsig) refers to defsig_fpe_inner.o(.text) for __rt_SIGFPE_inner
    defsig_abrt_inner.o(.text) refers to defsig_general.o(.text) for __default_signal_display
    defsig_rtred_inner.o(.text) refers to defsig_general.o(.text) for __default_signal_display
    defsig_rtmem_inner.o(.text) refers to defsig_general.o(.text) for __default_signal_display
    defsig_stak_inner.o(.text) refers to defsig_general.o(.text) for __default_signal_display
    defsig_pvfn_inner.o(.text) refers to defsig_general.o(.text) for __default_signal_display
    defsig_cppl_inner.o(.text) refers to defsig_general.o(.text) for __default_signal_display
    defsig_segv_inner.o(.text) refers to defsig_general.o(.text) for __default_signal_display
    defsig_other.o(.text) refers to defsig_general.o(.text) for __default_signal_display


==============================================================================

Removing Unused input sections from the image.

    Removing common.o(.emb_text), (8 bytes).
    Removing startup.o(.emb_text), (8 bytes).
    Removing arm_cm0.o(.emb_text), (8 bytes).
    Removing start.o(.emb_text), (8 bytes).
    Removing vectors.o(.emb_text), (8 bytes).
    Removing arch_delay.o(.text), (8 bytes).
    Removing adc.o(.emb_text), (8 bytes).
    Removing adc.o(.text), (712 bytes).
    Removing adc.o(.bss), (4 bytes).
    Removing cmp.o(.emb_text), (8 bytes).
    Removing cmp.o(.text), (164 bytes).
    Removing cmp.o(.bss), (4 bytes).
    Removing dac.o(.emb_text), (8 bytes).
    Removing dac.o(.text), (152 bytes).
    Removing dac.o(.bss), (4 bytes).
    Removing dma.o(.emb_text), (8 bytes).
    Removing dma.o(.text), (472 bytes).
    Removing dma.o(.bss), (16 bytes).
    Removing ftfa.o(.emb_text), (8 bytes).
    Removing ftfa.o(CodeRelocateRam), (1168 bytes).
    Removing gpio.o(.emb_text), (8 bytes).
    Removing i2c.o(.emb_text), (8 bytes).
    Removing llwu.o(.emb_text), (8 bytes).
    Removing llwu.o(.text), (144 bytes).
    Removing llwu.o(.bss), (4 bytes).
    Removing mcg.o(.emb_text), (8 bytes).
    Removing osc.o(.emb_text), (8 bytes).
    Removing pit.o(.emb_text), (8 bytes).
    Removing pmc.o(.emb_text), (8 bytes).
    Removing pmc.o(.text), (152 bytes).
    Removing pmc.o(.bss), (4 bytes).
    Removing rtc.o(.emb_text), (8 bytes).
    Removing rtc.o(.text), (1428 bytes).
    Removing rtc.o(.bss), (4 bytes).
    Removing rtc.o(.constdata), (48 bytes).
    Removing sim.o(.emb_text), (8 bytes).
    Removing smc.o(.emb_text), (8 bytes).
    Removing smc.o(.text), (12 bytes).
    Removing spi.o(.emb_text), (8 bytes).
    Removing spi.o(.text), (1036 bytes).
    Removing spi.o(.bss), (16 bytes).
    Removing tpm.o(.emb_text), (8 bytes).
    Removing tpm.o(.text), (668 bytes).
    Removing tpm.o(.bss), (12 bytes).
    Removing tsi.o(.emb_text), (8 bytes).
    Removing uart.o(.emb_text), (8 bytes).
    Removing uart.o(.text), (372 bytes).
    Removing uart.o(.bss), (4 bytes).
    Removing lptmr.o(.emb_text), (8 bytes).
    Removing lptmr.o(.text), (100 bytes).
    Removing lptmr.o(.bss), (4 bytes).
    Removing flexio.o(.emb_text), (8 bytes).
    Removing flexio.o(.text), (856 bytes).
    Removing flexio.o(.bss), (60 bytes).
    Removing lpuart.o(.emb_text), (8 bytes).
    Removing lpuart.o(.text), (388 bytes).
    Removing lpuart.o(.bss), (8 bytes).
    Removing mcg_lite.o(.emb_text), (8 bytes).
    Removing mcm.o(.emb_text), (8 bytes).
    Removing rcm.o(.emb_text), (8 bytes).
    Removing rcm.o(.text), (28 bytes).
    Removing sai.o(.emb_text), (8 bytes).
    Removing sai.o(.text), (576 bytes).
    Removing sai.o(.bss), (4 bytes).
    Removing sai.o(.bss), (16 bytes).
    Removing sai.o(.bss), (16 bytes).
    Removing sai.o(.constdata), (120 bytes).
    Removing sai.o(.data), (4 bytes).
    Removing lcd.o(.emb_text), (8 bytes).
    Removing vref.o(.emb_text), (8 bytes).
    Removing vref.o(.text), (28 bytes).
    Removing usb_class.o(.emb_text), (8 bytes).
    Removing usb_class.o(.text), (712 bytes).
    Removing usb_class.o(.bss), (8 bytes).
    Removing usb_framework.o(.emb_text), (8 bytes).
    Removing usb_framework.o(.text), (1152 bytes).
    Removing usb_framework.o(.bss), (60 bytes).
    Removing usb_framework.o(.constdata), (92 bytes).
    Removing usb_hid.o(.emb_text), (8 bytes).
    Removing usb_hid.o(.text), (852 bytes).
    Removing usb_hid.o(.bss), (76 bytes).
    Removing usb_dci_kinetis.o(.emb_text), (8 bytes).
    Removing usb_dci_kinetis.o(.text), (2804 bytes).
    Removing usb_dci_kinetis.o(.bss), (2112 bytes).
    Removing usb_dci_kinetis.o(.constdata), (8 bytes).
    Removing usb_dci_kinetis.o(.data), (1 bytes).
    Removing usb_driver.o(.emb_text), (8 bytes).
    Removing usb_driver.o(.text), (440 bytes).
    Removing usb_driver.o(.bss), (14 bytes).
    Removing usb_driver.o(.constdata), (96 bytes).
    Removing usbevent.o(.emb_text), (8 bytes).
    Removing usbevent.o(.text), (186 bytes).
    Removing usb_descriptor.o(.emb_text), (8 bytes).
    Removing usb_descriptor.o(.text), (288 bytes).
    Removing usb_descriptor.o(.bss), (8 bytes).
    Removing usb_descriptor.o(.constdata), (88 bytes).
    Removing usb_descriptor.o(.constdata), (18 bytes).
    Removing usb_descriptor.o(.constdata), (34 bytes).
    Removing usb_descriptor.o(.constdata), (52 bytes).
    Removing usb_descriptor.o(.constdata), (58 bytes).
    Removing usb_descriptor.o(.constdata), (30 bytes).
    Removing usb_descriptor.o(.constdata), (34 bytes).
    Removing usb_descriptor.o(.constdata), (4 bytes).
    Removing usb_descriptor.o(.constdata), (16 bytes).
    Removing usb_mouse.o(.emb_text), (8 bytes).
    Removing usb_mouse.o(.text), (304 bytes).
    Removing usb_mouse.o(.bss), (16 bytes).
    Removing flexio_i2c.o(.emb_text), (8 bytes).
    Removing flexio_i2c.o(.text), (1896 bytes).
    Removing flexio_i2s.o(.emb_text), (8 bytes).
    Removing flexio_i2s.o(.text), (1924 bytes).
    Removing flexio_i2s.o(.bss), (60 bytes).
    Removing flexio_spi_master.o(.emb_text), (8 bytes).
    Removing flexio_spi_master.o(.text), (1352 bytes).
    Removing flexio_spi_slave.o(.emb_text), (8 bytes).
    Removing flexio_spi_slave.o(.text), (1148 bytes).
    Removing frdm_accel_test.o(.emb_text), (8 bytes).
    Removing fxos8700.o(.emb_text), (8 bytes).
    Removing fxos8700.o(.text), (3096 bytes).
    Removing fxos8700.o(.bss), (14 bytes).
    Removing mma845x.o(.emb_text), (8 bytes).
    Removing freemaster_appcmd.o(.text), (16 bytes).
    Removing freemaster_kxx.o(.text), (384 bytes).
    Removing freemaster_kxx.o(.bss), (1 bytes).
    Removing freemaster_protocol.o(.text), (704 bytes).
    Removing freemaster_rec.o(.text), (960 bytes).
    Removing freemaster_rec.o(.bss), (1112 bytes).
    Removing freemaster_scope.o(.text), (164 bytes).
    Removing freemaster_scope.o(.bss), (44 bytes).
    Removing freemaster_serial.o(.text), (672 bytes).
    Removing freemaster_serial.o(.bss), (77 bytes).
    Removing usb_framework.o(i.__ARM_common_memcpy1_8), (34 bytes).
    Removing usb_driver.o(i.__ARM_common_memset1_5), (14 bytes).

133 unused section(s) (total 32435 bytes) removed from the image.

==============================================================================

Image Symbol Table

    Local Symbols

    Symbol Name                              Value     Ov Type        Size  Object(Section)

    .intvec                                  0x00000000   Section     1040  vectors.o(.intvec)
    ../clib/angel/rt.s                       0x00000000   Number         0  aeabi_idiv0.o ABSOLUTE
    ../clib/angel/rt.s                       0x00000000   Number         0  rt_div0.o ABSOLUTE
    ../clib/angel/rt.s                       0x00000000   Number         0  aeabi_idiv0_sigfpe.o ABSOLUTE
    ../clib/angel/rt.s                       0x00000000   Number         0  rt_raise.o ABSOLUTE
    ../clib/angel/sys.s                      0x00000000   Number         0  indicate_semi.o ABSOLUTE
    ../clib/angel/sys.s                      0x00000000   Number         0  use_no_semi.o ABSOLUTE
    ../clib/angel/sysapp.c                   0x00000000   Number         0  sys_wrch.o ABSOLUTE
    ../clib/angel/sysapp.c                   0x00000000   Number         0  sys_exit.o ABSOLUTE
    ../clib/division.s                       0x00000000   Number         0  aeabi_sdivfast_div0.o ABSOLUTE
    ../clib/division.s                       0x00000000   Number         0  aeabi_sdivfast.o ABSOLUTE
    ../clib/memcpset.c                       0x00000000   Number         0  rt_memcpy.o ABSOLUTE
    ../clib/memcpset.c                       0x00000000   Number         0  aeabi_memset.o ABSOLUTE
    ../clib/memcpset.c                       0x00000000   Number         0  rt_memcpy.o ABSOLUTE
    ../clib/memcpset.c                       0x00000000   Number         0  rt_memclr.o ABSOLUTE
    ../clib/signal.c                         0x00000000   Number         0  defsig_segv_inner.o ABSOLUTE
    ../clib/signal.c                         0x00000000   Number         0  defsig_cppl_inner.o ABSOLUTE
    ../clib/signal.c                         0x00000000   Number         0  defsig_pvfn_inner.o ABSOLUTE
    ../clib/signal.c                         0x00000000   Number         0  defsig_stak_inner.o ABSOLUTE
    ../clib/signal.c                         0x00000000   Number         0  defsig_rtmem_inner.o ABSOLUTE
    ../clib/signal.c                         0x00000000   Number         0  defsig_rtred_inner.o ABSOLUTE
    ../clib/signal.c                         0x00000000   Number         0  defsig_abrt_inner.o ABSOLUTE
    ../clib/signal.c                         0x00000000   Number         0  defsig_general.o ABSOLUTE
    ../clib/signal.c                         0x00000000   Number         0  __raise.o ABSOLUTE
    ../clib/signal.c                         0x00000000   Number         0  defsig_fpe_outer.o ABSOLUTE
    ../clib/signal.c                         0x00000000   Number         0  defsig_fpe_inner.o ABSOLUTE
    ../clib/signal.c                         0x00000000   Number         0  defsig_other.o ABSOLUTE
    ../clib/signal.c                         0x00000000   Number         0  defsig_exit.o ABSOLUTE
    ../clib/signal.c                         0x00000000   Number         0  defsig_fpe_formal.o ABSOLUTE
    ../clib/signal.s                         0x00000000   Number         0  defsig.o ABSOLUTE
    ../fplib/cfplib/daddsub.c                0x00000000   Number         0  daddsub.o ABSOLUTE
    ../fplib/cfplib/ddiv.c                   0x00000000   Number         0  ddiv.o ABSOLUTE
    ../fplib/cfplib/dmul.c                   0x00000000   Number         0  dmul.o ABSOLUTE
    ../fplib/cfplib/ffix.c                   0x00000000   Number         0  dfixui.o ABSOLUTE
    ../fplib/cfplib/fflt.c                   0x00000000   Number         0  dflti.o ABSOLUTE
    ../fplib/usenofp.s                       0x00000000   Number         0  usenofp.o ABSOLUTE
    ..\..\..\..\src\common\common.c          0x00000000   Number         0  common.o ABSOLUTE
    ..\..\..\..\src\common\startup.c         0x00000000   Number         0  startup.o ABSOLUTE
    ..\..\..\..\src\cpu\KEIL\arch_delay.s    0x00000000   Number         0  arch_delay.o ABSOLUTE
    ..\..\..\..\src\cpu\KEIL\crt0.s          0x00000000   Number         0  crt0.o ABSOLUTE
    ..\..\..\..\src\cpu\arm_cm0.c            0x00000000   Number         0  arm_cm0.o ABSOLUTE
    ..\..\..\..\src\cpu\start.c              0x00000000   Number         0  start.o ABSOLUTE
    ..\..\..\..\src\cpu\vectors.c            0x00000000   Number         0  vectors.o ABSOLUTE
    ..\..\..\..\src\devices\fxos8700\fxos8700.c 0x00000000   Number         0  fxos8700.o ABSOLUTE
    ..\..\..\..\src\devices\mma845x\mma845x.c 0x00000000   Number         0  mma845x.o ABSOLUTE
    ..\..\..\..\src\drivers\adc\adc.c        0x00000000   Number         0  adc.o ABSOLUTE
    ..\..\..\..\src\drivers\cmp\cmp.c        0x00000000   Number         0  cmp.o ABSOLUTE
    ..\..\..\..\src\drivers\dac\dac.c        0x00000000   Number         0  dac.o ABSOLUTE
    ..\..\..\..\src\drivers\dma\dma.c        0x00000000   Number         0  dma.o ABSOLUTE
    ..\..\..\..\src\drivers\flexio\flexio.c  0x00000000   Number         0  flexio.o ABSOLUTE
    ..\..\..\..\src\drivers\flexio\flexio_i2c\flexio_i2c.c 0x00000000   Number         0  flexio_i2c.o ABSOLUTE
    ..\..\..\..\src\drivers\flexio\flexio_i2s\flexio_i2s.c 0x00000000   Number         0  flexio_i2s.o ABSOLUTE
    ..\..\..\..\src\drivers\flexio\flexio_spi_master\flexio_spi_master.c 0x00000000   Number         0  flexio_spi_master.o ABSOLUTE
    ..\..\..\..\src\drivers\flexio\flexio_spi_slave\flexio_spi_slave.c 0x00000000   Number         0  flexio_spi_slave.o ABSOLUTE
    ..\..\..\..\src\drivers\ftfa\ftfa.c      0x00000000   Number         0  ftfa.o ABSOLUTE
    ..\..\..\..\src\drivers\gpio\gpio.c      0x00000000   Number         0  gpio.o ABSOLUTE
    ..\..\..\..\src\drivers\i2c\i2c.c        0x00000000   Number         0  i2c.o ABSOLUTE
    ..\..\..\..\src\drivers\llwu\llwu.c      0x00000000   Number         0  llwu.o ABSOLUTE
    ..\..\..\..\src\drivers\lptmr\lptmr.c    0x00000000   Number         0  lptmr.o ABSOLUTE
    ..\..\..\..\src\drivers\lpuart\lpuart.c  0x00000000   Number         0  lpuart.o ABSOLUTE
    ..\..\..\..\src\drivers\mcg\mcg.c        0x00000000   Number         0  mcg.o ABSOLUTE
    ..\..\..\..\src\drivers\mcg_lite\mcg_lite.c 0x00000000   Number         0  mcg_lite.o ABSOLUTE
    ..\..\..\..\src\drivers\mcm\mcm.c        0x00000000   Number         0  mcm.o ABSOLUTE
    ..\..\..\..\src\drivers\osc\osc.c        0x00000000   Number         0  osc.o ABSOLUTE
    ..\..\..\..\src\drivers\pit\pit.c        0x00000000   Number         0  pit.o ABSOLUTE
    ..\..\..\..\src\drivers\pmc\pmc.c        0x00000000   Number         0  pmc.o ABSOLUTE
    ..\..\..\..\src\drivers\rcm\rcm.c        0x00000000   Number         0  rcm.o ABSOLUTE
    ..\..\..\..\src\drivers\rtc\rtc.c        0x00000000   Number         0  rtc.o ABSOLUTE
    ..\..\..\..\src\drivers\sai\sai.c        0x00000000   Number         0  sai.o ABSOLUTE
    ..\..\..\..\src\drivers\sim\sim.c        0x00000000   Number         0  sim.o ABSOLUTE
    ..\..\..\..\src\drivers\slcd\lcd.c       0x00000000   Number         0  lcd.o ABSOLUTE
    ..\..\..\..\src\drivers\smc\smc.c        0x00000000   Number         0  smc.o ABSOLUTE
    ..\..\..\..\src\drivers\spi\spi.c        0x00000000   Number         0  spi.o ABSOLUTE
    ..\..\..\..\src\drivers\tpm\tpm.c        0x00000000   Number         0  tpm.o ABSOLUTE
    ..\..\..\..\src\drivers\tsi\tsi.c        0x00000000   Number         0  tsi.o ABSOLUTE
    ..\..\..\..\src\drivers\uart\uart.c      0x00000000   Number         0  uart.o ABSOLUTE
    ..\..\..\..\src\drivers\usbd\class\usb_hid.c 0x00000000   Number         0  usb_hid.o ABSOLUTE
    ..\..\..\..\src\drivers\usbd\hal\usb_dci_kinetis.c 0x00000000   Number         0  usb_dci_kinetis.o ABSOLUTE
    ..\..\..\..\src\drivers\usbd\hal\usb_driver.c 0x00000000   Number         0  usb_driver.o ABSOLUTE
    ..\..\..\..\src\drivers\usbd\hal\usbevent.c 0x00000000   Number         0  usbevent.o ABSOLUTE
    ..\..\..\..\src\drivers\usbd\usb_api\usb_hid\usb_descriptor.c 0x00000000   Number         0  usb_descriptor.o ABSOLUTE
    ..\..\..\..\src\drivers\usbd\usb_api\usb_hid\usb_mouse.c 0x00000000   Number         0  usb_mouse.o ABSOLUTE
    ..\..\..\..\src\drivers\usbd\usb_class.c 0x00000000   Number         0  usb_class.o ABSOLUTE
    ..\..\..\..\src\drivers\usbd\usb_framework.c 0x00000000   Number         0  usb_framework.o ABSOLUTE
    ..\..\..\..\src\drivers\vref\vref.c      0x00000000   Number         0  vref.o ABSOLUTE
    ..\..\..\..\src\projects\frdm_projects\frdm_accel_test\frdm_accel_test.c 0x00000000   Number         0  frdm_accel_test.o ABSOLUTE
    ..\..\..\..\src\utilities\freemaster\freemaster_Kxx.c 0x00000000   Number         0  freemaster_kxx.o ABSOLUTE
    ..\..\..\..\src\utilities\freemaster\freemaster_appcmd.c 0x00000000   Number         0  freemaster_appcmd.o ABSOLUTE
    ..\..\..\..\src\utilities\freemaster\freemaster_can.c 0x00000000   Number         0  freemaster_can.o ABSOLUTE
    ..\..\..\..\src\utilities\freemaster\freemaster_protocol.c 0x00000000   Number         0  freemaster_protocol.o ABSOLUTE
    ..\..\..\..\src\utilities\freemaster\freemaster_rec.c 0x00000000   Number         0  freemaster_rec.o ABSOLUTE
    ..\..\..\..\src\utilities\freemaster\freemaster_scope.c 0x00000000   Number         0  freemaster_scope.o ABSOLUTE
    ..\..\..\..\src\utilities\freemaster\freemaster_serial.c 0x00000000   Number         0  freemaster_serial.o ABSOLUTE
    ..\..\..\..\src\utilities\freemaster\freemaster_sfio.c 0x00000000   Number         0  freemaster_sfio.o ABSOLUTE
    ..\..\..\..\src\utilities\freemaster\freemaster_tsa.c 0x00000000   Number         0  freemaster_tsa.o ABSOLUTE
    ..\\..\\..\\..\\src\\common\\common.c    0x00000000   Number         0  common.o ABSOLUTE
    ..\\..\\..\\..\\src\\common\\startup.c   0x00000000   Number         0  startup.o ABSOLUTE
    ..\\..\\..\\..\\src\\cpu\\arm_cm0.c      0x00000000   Number         0  arm_cm0.o ABSOLUTE
    ..\\..\\..\\..\\src\\cpu\\start.c        0x00000000   Number         0  start.o ABSOLUTE
    ..\\..\\..\\..\\src\\cpu\\vectors.c      0x00000000   Number         0  vectors.o ABSOLUTE
    ..\\..\\..\\..\\src\\devices\\fxos8700\\fxos8700.c 0x00000000   Number         0  fxos8700.o ABSOLUTE
    ..\\..\\..\\..\\src\\devices\\mma845x\\mma845x.c 0x00000000   Number         0  mma845x.o ABSOLUTE
    ..\\..\\..\\..\\src\\drivers\\adc\\adc.c 0x00000000   Number         0  adc.o ABSOLUTE
    ..\\..\\..\\..\\src\\drivers\\cmp\\cmp.c 0x00000000   Number         0  cmp.o ABSOLUTE
    ..\\..\\..\\..\\src\\drivers\\dac\\dac.c 0x00000000   Number         0  dac.o ABSOLUTE
    ..\\..\\..\\..\\src\\drivers\\dma\\dma.c 0x00000000   Number         0  dma.o ABSOLUTE
    ..\\..\\..\\..\\src\\drivers\\flexio\\flexio.c 0x00000000   Number         0  flexio.o ABSOLUTE
    ..\\..\\..\\..\\src\\drivers\\flexio\\flexio_i2c\\flexio_i2c.c 0x00000000   Number         0  flexio_i2c.o ABSOLUTE
    ..\\..\\..\\..\\src\\drivers\\flexio\\flexio_i2s\\flexio_i2s.c 0x00000000   Number         0  flexio_i2s.o ABSOLUTE
    ..\\..\\..\\..\\src\\drivers\\flexio\\flexio_spi_master\\flexio_spi_master.c 0x00000000   Number         0  flexio_spi_master.o ABSOLUTE
    ..\\..\\..\\..\\src\\drivers\\flexio\\flexio_spi_slave\\flexio_spi_slave.c 0x00000000   Number         0  flexio_spi_slave.o ABSOLUTE
    ..\\..\\..\\..\\src\\drivers\\ftfa\\ftfa.c 0x00000000   Number         0  ftfa.o ABSOLUTE
    ..\\..\\..\\..\\src\\drivers\\gpio\\gpio.c 0x00000000   Number         0  gpio.o ABSOLUTE
    ..\\..\\..\\..\\src\\drivers\\i2c\\i2c.c 0x00000000   Number         0  i2c.o ABSOLUTE
    ..\\..\\..\\..\\src\\drivers\\llwu\\llwu.c 0x00000000   Number         0  llwu.o ABSOLUTE
    ..\\..\\..\\..\\src\\drivers\\lptmr\\lptmr.c 0x00000000   Number         0  lptmr.o ABSOLUTE
    ..\\..\\..\\..\\src\\drivers\\lpuart\\lpuart.c 0x00000000   Number         0  lpuart.o ABSOLUTE
    ..\\..\\..\\..\\src\\drivers\\mcg\\mcg.c 0x00000000   Number         0  mcg.o ABSOLUTE
    ..\\..\\..\\..\\src\\drivers\\mcg_lite\\mcg_lite.c 0x00000000   Number         0  mcg_lite.o ABSOLUTE
    ..\\..\\..\\..\\src\\drivers\\mcm\\mcm.c 0x00000000   Number         0  mcm.o ABSOLUTE
    ..\\..\\..\\..\\src\\drivers\\osc\\osc.c 0x00000000   Number         0  osc.o ABSOLUTE
    ..\\..\\..\\..\\src\\drivers\\pit\\pit.c 0x00000000   Number         0  pit.o ABSOLUTE
    ..\\..\\..\\..\\src\\drivers\\pmc\\pmc.c 0x00000000   Number         0  pmc.o ABSOLUTE
    ..\\..\\..\\..\\src\\drivers\\rcm\\rcm.c 0x00000000   Number         0  rcm.o ABSOLUTE
    ..\\..\\..\\..\\src\\drivers\\rtc\\rtc.c 0x00000000   Number         0  rtc.o ABSOLUTE
    ..\\..\\..\\..\\src\\drivers\\sai\\sai.c 0x00000000   Number         0  sai.o ABSOLUTE
    ..\\..\\..\\..\\src\\drivers\\sim\\sim.c 0x00000000   Number         0  sim.o ABSOLUTE
    ..\\..\\..\\..\\src\\drivers\\slcd\\lcd.c 0x00000000   Number         0  lcd.o ABSOLUTE
    ..\\..\\..\\..\\src\\drivers\\smc\\smc.c 0x00000000   Number         0  smc.o ABSOLUTE
    ..\\..\\..\\..\\src\\drivers\\spi\\spi.c 0x00000000   Number         0  spi.o ABSOLUTE
    ..\\..\\..\\..\\src\\drivers\\tpm\\tpm.c 0x00000000   Number         0  tpm.o ABSOLUTE
    ..\\..\\..\\..\\src\\drivers\\tsi\\tsi.c 0x00000000   Number         0  tsi.o ABSOLUTE
    ..\\..\\..\\..\\src\\drivers\\uart\\uart.c 0x00000000   Number         0  uart.o ABSOLUTE
    ..\\..\\..\\..\\src\\drivers\\usbd\\class\\usb_hid.c 0x00000000   Number         0  usb_hid.o ABSOLUTE
    ..\\..\\..\\..\\src\\drivers\\usbd\\hal\\usb_dci_kinetis.c 0x00000000   Number         0  usb_dci_kinetis.o ABSOLUTE
    ..\\..\\..\\..\\src\\drivers\\usbd\\hal\\usb_driver.c 0x00000000   Number         0  usb_driver.o ABSOLUTE
    ..\\..\\..\\..\\src\\drivers\\usbd\\hal\\usbevent.c 0x00000000   Number         0  usbevent.o ABSOLUTE
    ..\\..\\..\\..\\src\\drivers\\usbd\\usb_api\\usb_hid\\usb_descriptor.c 0x00000000   Number         0  usb_descriptor.o ABSOLUTE
    ..\\..\\..\\..\\src\\drivers\\usbd\\usb_api\\usb_hid\\usb_mouse.c 0x00000000   Number         0  usb_mouse.o ABSOLUTE
    ..\\..\\..\\..\\src\\drivers\\usbd\\usb_class.c 0x00000000   Number         0  usb_class.o ABSOLUTE
    ..\\..\\..\\..\\src\\drivers\\usbd\\usb_framework.c 0x00000000   Number         0  usb_framework.o ABSOLUTE
    ..\\..\\..\\..\\src\\drivers\\vref\\vref.c 0x00000000   Number         0  vref.o ABSOLUTE
    ..\\..\\..\\..\\src\\projects\\frdm_projects\\frdm_accel_test\\frdm_accel_test.c 0x00000000   Number         0  frdm_accel_test.o ABSOLUTE
    __tagsym$$used                           0x00000000   Number         0  vectors.o(.intvec)
    dc.s                                     0x00000000   Number         0  dc.o ABSOLUTE
    .emb_text                                0x00000410   Section       56  rt_memcpy.o(.emb_text)
    .text                                    0x00000448   Section        0  startup.o(.text)
    .text                                    0x00000550   Section        0  arm_cm0.o(.text)
    .text                                    0x000005a8   Section        0  start.o(.text)
    .text                                    0x000005d0   Section        0  vectors.o(.text)
    .text                                    0x000005d4   Section       34  crt0.o(.text)
    .text                                    0x000005f8   Section        0  gpio.o(.text)
    .text                                    0x00000854   Section        0  i2c.o(.text)
    .text                                    0x00000e00   Section        0  pit.o(.text)
    .text                                    0x00000ef0   Section        0  sim.o(.text)
    .text                                    0x00000f44   Section        0  mcg_lite.o(.text)
    .text                                    0x00000fd0   Section        0  lcd.o(.text)
    .text                                    0x00001188   Section        0  frdm_accel_test.o(.text)
    portc_callback                           0x00001189   Thumb Code   254  frdm_accel_test.o(.text)
    .text                                    0x0000143c   Section        0  mma845x.o(.text)
    .text                                    0x00002120   Section        0  rt_memcpy.o(.text)
    .text                                    0x000021a2   Section      488  aeabi_sdivfast.o(.text)
    .constdata                               0x0000238c   Section      118  lcd.o(.constdata)
    bpaPlace1                                0x0000238c   Data          32  lcd.o(.constdata)
    baAscii1                                 0x000023ac   Data          86  lcd.o(.constdata)
    .constdata                               0x00002404   Section      182  frdm_accel_test.o(.constdata)
    .bss                                     0x1fffe000   Section        4  arm_cm0.o(.bss)
    pCallbackSYSTICK                         0x1fffe000   Data           4  arm_cm0.o(.bss)
    .bss                                     0x1fffe004   Section       12  gpio.o(.bss)
    pCallbackPORTA                           0x1fffe004   Data           4  gpio.o(.bss)
    pCallbackPORTC                           0x1fffe008   Data           4  gpio.o(.bss)
    pCallbackPORTD                           0x1fffe00c   Data           4  gpio.o(.bss)
    .bss                                     0x1fffe010   Section       12  i2c.o(.bss)
    dummy                                    0x1fffe010   Data           1  i2c.o(.bss)
    pCallbackI2C0                            0x1fffe014   Data           4  i2c.o(.bss)
    pCallbackI2C1                            0x1fffe018   Data           4  i2c.o(.bss)
    .bss                                     0x1fffe01c   Section        4  pit.o(.bss)
    pCallbackPIT                             0x1fffe01c   Data           4  pit.o(.bss)
    .bss                                     0x1fffe020   Section        8  lcd.o(.bss)
    pCallbackLCD                             0x1fffe024   Data           4  lcd.o(.bss)
    .bss                                     0x1fffe028   Section       60  frdm_accel_test.o(.bss)
    sMMA845x_AccelData                       0x1fffe028   Data          60  frdm_accel_test.o(.bss)
    .bss                                     0x1fffe064   Section       14  mma845x.o(.bss)
    MMA845X_enabled                          0x1fffe064   Data           1  mma845x.o(.bss)
    measure                                  0x1fffe065   Data           1  mma845x.o(.bss)
    latest_write                             0x1fffe066   Data           1  mma845x.o(.bss)
    latest_address                           0x1fffe067   Data           1  mma845x.o(.bss)
    measure                                  0x1fffe068   Data           1  mma845x.o(.bss)
    latest_write                             0x1fffe069   Data           1  mma845x.o(.bss)
    latest_address                           0x1fffe06a   Data           1  mma845x.o(.bss)
    whoiam                                   0x1fffe06b   Data           1  mma845x.o(.bss)
    xyz_regs                                 0x1fffe06c   Data           6  mma845x.o(.bss)
    .vbatregfile                             0x4003e000   Section       32  rtc.o(.vbatregfile)
    __tagsym$$used                           0x4003e000   Number         0  rtc.o(.vbatregfile)
    .sysregfile                              0x40041000   Section       32  common.o(.sysregfile)
    __tagsym$$used                           0x40041000   Number         0  common.o(.sysregfile)

    Global Symbols

    Symbol Name                              Value     Ov Type        Size  Object(Section)

    BuildAttributes$$THM_ISAv3M$S$PE$A:L22$X:L11$S22$IEEE1$IW$USESV6$~STKCKD$USESV7$~SHL$OTIME$ROPI$EBA8$STANDARDLIB$REQ8$PRES8$EABIv2 0x00000000   Number         0  anon$$obj.o ABSOLUTE
    Image$$ER_RAM_CODE$$Length               0x00000000   Number         0  anon$$obj.o ABSOLUTE
    Image$$ER_RAM_DATA$$Length               0x00000000   Number         0  anon$$obj.o ABSOLUTE
    Image$$ER_VECTOR_TABLE$$Base             0x00000000   Number         0  anon$$obj.o ABSOLUTE
    __ARM_use_no_argv                        0x00000000   Number         0  frdm_accel_test.o ABSOLUTE
    __vector_table                           0x00000000   Data        1040  vectors.o(.intvec)
    __sigvec_lookup                           - Undefined Weak Reference
    Image$$ER_RAM_BSS$$ZI$$Length            0x00000074   Number         0  anon$$obj.o ABSOLUTE
    __aeabi_memcpy4                          0x00000411   Thumb Code    56  rt_memcpy.o(.emb_text)
    __aeabi_memcpy8                          0x00000411   Thumb Code     0  rt_memcpy.o(.emb_text)
    common_startup                           0x00000449   Thumb Code   222  startup.o(.text)
    stop                                     0x00000551   Thumb Code    14  arm_cm0.o(.text)
    wait                                     0x0000055f   Thumb Code    14  arm_cm0.o(.text)
    write_vtor                               0x0000056d   Thumb Code     6  arm_cm0.o(.text)
    SYSTICK_Init                             0x00000573   Thumb Code    24  arm_cm0.o(.text)
    systick_isr                              0x0000058b   Thumb Code    16  arm_cm0.o(.text)
    start                                    0x000005a9   Thumb Code    32  start.o(.text)
    default_isr                              0x000005d1   Thumb Code     4  vectors.o(.text)
    __startup                                0x000005d5   Thumb Code    34  crt0.o(.text)
    PORTA_Init                               0x000005f9   Thumb Code    94  gpio.o(.text)
    PORTB_Init                               0x00000657   Thumb Code    58  gpio.o(.text)
    PORTC_Init                               0x00000691   Thumb Code    94  gpio.o(.text)
    PORTD_Init                               0x000006ef   Thumb Code    94  gpio.o(.text)
    PORTE_Init                               0x0000074d   Thumb Code    58  gpio.o(.text)
    GPIOA_Init                               0x00000787   Thumb Code    14  gpio.o(.text)
    GPIOB_Init                               0x00000795   Thumb Code    14  gpio.o(.text)
    GPIOC_Init                               0x000007a3   Thumb Code    14  gpio.o(.text)
    GPIOD_Init                               0x000007b1   Thumb Code    14  gpio.o(.text)
    GPIOE_Init                               0x000007bf   Thumb Code    14  gpio.o(.text)
    porta_isr                                0x000007cd   Thumb Code    20  gpio.o(.text)
    portcd_isr                               0x000007e1   Thumb Code    40  gpio.o(.text)
    I2C0_Init                                0x00000855   Thumb Code    88  i2c.o(.text)
    I2C1_Init                                0x000008ad   Thumb Code    88  i2c.o(.text)
    I2C0_CycleWrite                          0x00000905   Thumb Code    60  i2c.o(.text)
    I2C0_WriteByte                           0x00000941   Thumb Code    74  i2c.o(.text)
    I2C1_CycleWrite                          0x0000098b   Thumb Code    60  i2c.o(.text)
    I2C1_WriteByte                           0x000009c7   Thumb Code    74  i2c.o(.text)
    I2C0_CycleRead                           0x00000a11   Thumb Code    80  i2c.o(.text)
    I2C0_ReadByte                            0x00000a61   Thumb Code   110  i2c.o(.text)
    I2C1_CycleRead                           0x00000acf   Thumb Code    80  i2c.o(.text)
    I2C1_ReadByte                            0x00000b1f   Thumb Code   106  i2c.o(.text)
    I2C0_WriteMultiBytes                     0x00000b89   Thumb Code   102  i2c.o(.text)
    I2C1_WriteMultiBytes                     0x00000bef   Thumb Code   128  i2c.o(.text)
    I2C0_ReadMultiBytes                      0x00000c6f   Thumb Code   148  i2c.o(.text)
    I2C1_ReadMultiBytes                      0x00000d03   Thumb Code   148  i2c.o(.text)
    I2C0_isr                                 0x00000d97   Thumb Code    40  i2c.o(.text)
    I2C1_isr                                 0x00000dbf   Thumb Code    48  i2c.o(.text)
    PIT0_CH0_Init                            0x00000e01   Thumb Code    84  pit.o(.text)
    PIT0_CH1_Init                            0x00000e55   Thumb Code    84  pit.o(.text)
    pit_isr                                  0x00000ea9   Thumb Code    44  pit.o(.text)
    SIM_Init                                 0x00000ef1   Thumb Code    72  sim.o(.text)
    MCG_LITE_Init                            0x00000f45   Thumb Code   136  mcg_lite.o(.text)
    LCD_InstallCallbackLCD                   0x00000fd1   Thumb Code    40  lcd.o(.text)
    LCD_Init                                 0x00000ff9   Thumb Code   114  lcd.o(.text)
    LCD_GOTO                                 0x0000106b   Thumb Code     6  lcd.o(.text)
    LCD_Write_Char                           0x00001071   Thumb Code    86  lcd.o(.text)
    LCD_Delete_Char                          0x000010c7   Thumb Code    46  lcd.o(.text)
    LCD_Write_Segments                       0x000010f5   Thumb Code    74  lcd.o(.text)
    LCD_isr                                  0x0000113f   Thumb Code    42  lcd.o(.text)
    pit_callback                             0x00001287   Thumb Code    14  frdm_accel_test.o(.text)
    main                                     0x00001295   Thumb Code   360  frdm_accel_test.o(.text)
    MMA845x_I2C0_Init                        0x0000143d   Thumb Code    36  mma845x.o(.text)
    MMA845x_I2C1_Init                        0x00001461   Thumb Code    36  mma845x.o(.text)
    MMA845x_I2C0_DeInit                      0x00001485   Thumb Code    20  mma845x.o(.text)
    MMA845x_I2C1_DeInit                      0x00001499   Thumb Code    20  mma845x.o(.text)
    MMA845x_I2C0_Active                      0x000014ad   Thumb Code    26  mma845x.o(.text)
    MMA845x_I2C0_Standby                     0x000014c7   Thumb Code    24  mma845x.o(.text)
    MMA845x_I2C0_DynamicRange                0x000014df   Thumb Code    88  mma845x.o(.text)
    MMA845x_I2C1_Active                      0x00001537   Thumb Code    26  mma845x.o(.text)
    MMA845x_I2C1_Standby                     0x00001551   Thumb Code    24  mma845x.o(.text)
    MMA845x_I2C1_DynamicRange                0x00001569   Thumb Code    88  mma845x.o(.text)
    MMA845x_I2C0_AutoWake                    0x000015c1   Thumb Code    86  mma845x.o(.text)
    MMA845x_I2C1_AutoWake                    0x00001617   Thumb Code    86  mma845x.o(.text)
    MMA845x_I2C0_DataRate                    0x0000166d   Thumb Code    88  mma845x.o(.text)
    MMA845x_I2C1_DataRate                    0x000016c5   Thumb Code    88  mma845x.o(.text)
    MMA845x_I2C0_LowNoiseEnable              0x0000171d   Thumb Code    26  mma845x.o(.text)
    MMA845x_I2C1_LowNoiseEnable              0x00001737   Thumb Code    26  mma845x.o(.text)
    MMA845x_I2C0_LowNoiseDisable             0x00001751   Thumb Code    24  mma845x.o(.text)
    MMA845x_I2C1_LowNoiseDisable             0x00001769   Thumb Code    24  mma845x.o(.text)
    MMA845x_I2C0_FastReadEnable              0x00001781   Thumb Code    26  mma845x.o(.text)
    MMA845x_I2C1_FastReadEnable              0x0000179b   Thumb Code    26  mma845x.o(.text)
    MMA845x_I2C0_FastReadDisable             0x000017b5   Thumb Code    24  mma845x.o(.text)
    MMA845x_I2C1_FastReadDisable             0x000017cd   Thumb Code    24  mma845x.o(.text)
    MMA845x_I2C0_SelfTestEnable              0x000017e5   Thumb Code    26  mma845x.o(.text)
    MMA845x_I2C1_SelfTestEnable              0x000017ff   Thumb Code    30  mma845x.o(.text)
    MMA845x_I2C0_SelfTestDisable             0x0000181d   Thumb Code    22  mma845x.o(.text)
    MMA845x_I2C1_SelfTestDisable             0x00001833   Thumb Code    22  mma845x.o(.text)
    MMA845x_I2C0_Reset                       0x00001849   Thumb Code    26  mma845x.o(.text)
    MMA845x_I2C1_Reset                       0x00001863   Thumb Code    26  mma845x.o(.text)
    MMA845x_I2C0_AutoSleepEnable             0x0000187d   Thumb Code    26  mma845x.o(.text)
    MMA845x_I2C1_AutoSleepEnable             0x00001897   Thumb Code    26  mma845x.o(.text)
    MMA845x_I2C0_AutoSleepDisable            0x000018b1   Thumb Code    24  mma845x.o(.text)
    MMA845x_I2C1_AutoSleepDisable            0x000018c9   Thumb Code    24  mma845x.o(.text)
    MMA845x_I2C0_OverSampling                0x000018e1   Thumb Code    92  mma845x.o(.text)
    MMA845x_I2C1_OverSampling                0x0000193d   Thumb Code    92  mma845x.o(.text)
    MMA845x_I2C0_FIFOEnable                  0x00001999   Thumb Code    26  mma845x.o(.text)
    MMA845x_I2C1_FIFOEnable                  0x000019b3   Thumb Code    26  mma845x.o(.text)
    MMA845x_I2C0_FIFOBypassed                0x000019cd   Thumb Code    22  mma845x.o(.text)
    MMA845x_I2C1_FIFOBypassed                0x000019e3   Thumb Code    22  mma845x.o(.text)
    MMA845x_I2C0_WakeTransEnable             0x000019f9   Thumb Code    26  mma845x.o(.text)
    MMA845x_I2C1_WakeTransEnable             0x00001a13   Thumb Code    26  mma845x.o(.text)
    MMA845x_I2C0_WakeTransDisable            0x00001a2d   Thumb Code    24  mma845x.o(.text)
    MMA845x_I2C1_WakeTransDisable            0x00001a45   Thumb Code    24  mma845x.o(.text)
    MMA845x_I2C0_WakeOrientationEnable       0x00001a5d   Thumb Code    26  mma845x.o(.text)
    MMA845x_I2C1_WakeOrientationEnable       0x00001a77   Thumb Code    26  mma845x.o(.text)
    MMA845x_I2C0_WakeOrientationDisable      0x00001a91   Thumb Code    24  mma845x.o(.text)
    MMA845x_I2C1_WakeOrientationDisable      0x00001aa9   Thumb Code    24  mma845x.o(.text)
    MMA845x_I2C0_WakePulseEnable             0x00001ac1   Thumb Code    26  mma845x.o(.text)
    MMA845x_I2C1_WakePulseEnable             0x00001adb   Thumb Code    26  mma845x.o(.text)
    MMA845x_I2C0_WakePulseDisable            0x00001af5   Thumb Code    24  mma845x.o(.text)
    MMA845x_I2C1_WakePulseDisable            0x00001b0d   Thumb Code    24  mma845x.o(.text)
    MMA845x_I2C0_WakeFreefallMotionEnable    0x00001b25   Thumb Code    26  mma845x.o(.text)
    MMA845x_I2C1_WakeFreefallMotionEnable    0x00001b3f   Thumb Code    26  mma845x.o(.text)
    MMA845x_I2C0_WakeFreefallMotionDisable   0x00001b59   Thumb Code    24  mma845x.o(.text)
    MMA845x_I2C1_WakeFreefallMotionDisable   0x00001b71   Thumb Code    24  mma845x.o(.text)
    MMA845x_I2C0_IntPolarityHigh             0x00001b89   Thumb Code    26  mma845x.o(.text)
    MMA845x_I2C1_IntPolarityHigh             0x00001ba3   Thumb Code    26  mma845x.o(.text)
    MMA845x_I2C0_IntPolarityLow              0x00001bbd   Thumb Code    24  mma845x.o(.text)
    MMA845x_I2C1_IntPolarityLow              0x00001bd5   Thumb Code    24  mma845x.o(.text)
    MMA845x_I2C0_OpenDrainEnable             0x00001bed   Thumb Code    26  mma845x.o(.text)
    MMA845x_I2C1_OpenDrainEnable             0x00001c07   Thumb Code    26  mma845x.o(.text)
    MMA845x_I2C0_PushPullEnable              0x00001c21   Thumb Code    24  mma845x.o(.text)
    MMA845x_I2C1_PushPullEnable              0x00001c39   Thumb Code    24  mma845x.o(.text)
    MMA845x_I2C0_InterruptEnable             0x00001c51   Thumb Code    26  mma845x.o(.text)
    MMA845x_I2C1_InterruptEnable             0x00001c6b   Thumb Code    26  mma845x.o(.text)
    MMA845x_I2C0_InterruptDisable            0x00001c85   Thumb Code    26  mma845x.o(.text)
    MMA845x_I2C1_InterruptDisable            0x00001c9f   Thumb Code    26  mma845x.o(.text)
    MMA845x_I2C0_InterruptOnINT1             0x00001cb9   Thumb Code    26  mma845x.o(.text)
    MMA845x_I2C1_InterruptOnINT1             0x00001cd3   Thumb Code    26  mma845x.o(.text)
    MMA845x_I2C0_InterruptOnINT2             0x00001ced   Thumb Code    26  mma845x.o(.text)
    MMA845x_I2C1_InterruptOnINT2             0x00001d07   Thumb Code    26  mma845x.o(.text)
    MMA845x_I2C0_HPF_CutOff                  0x00001d21   Thumb Code    88  mma845x.o(.text)
    MMA845x_I2C1_HPF_CutOff                  0x00001d79   Thumb Code    88  mma845x.o(.text)
    MMA845x_I2C0_OutputDataFilterType        0x00001dd1   Thumb Code    98  mma845x.o(.text)
    MMA845x_I2C1_OutputDataFilterType        0x00001e33   Thumb Code    98  mma845x.o(.text)
    MMA845x_I2C0_ReadRawData                 0x00001e95   Thumb Code   368  mma845x.o(.text)
    MMA845x_I2C1_ReadRawData                 0x00002005   Thumb Code   266  mma845x.o(.text)
    __aeabi_memcpy                           0x00002121   Thumb Code   130  rt_memcpy.o(.text)
    __rt_memcpy                              0x00002121   Thumb Code     0  rt_memcpy.o(.text)
    __aeabi_uidiv                            0x000021a3   Thumb Code     0  aeabi_sdivfast.o(.text)
    __aeabi_uidivmod                         0x000021a3   Thumb Code    28  aeabi_sdivfast.o(.text)
    __aeabi_idiv                             0x000021bf   Thumb Code     0  aeabi_sdivfast.o(.text)
    __aeabi_idivmod                          0x000021bf   Thumb Code   460  aeabi_sdivfast.o(.text)
    Image$$ER_ROM$$Limit                     0x000024bc   Number         0  anon$$obj.o ABSOLUTE
    Image$$ER_RAM_BSS$$ZI$$Base              0x1fffe000   Number         0  anon$$obj.o ABSOLUTE
    Image$$ER_RAM_CODE$$Base                 0x1fffe000   Number         0  anon$$obj.o ABSOLUTE
    Image$$ER_RAM_DATA$$Base                 0x1fffe000   Number         0  anon$$obj.o ABSOLUTE
    Image$$ER_RAM_VECTOR_TABLE$$Base         0x1fffe000   Number         0  anon$$obj.o ABSOLUTE
    LCD_CharPosition                         0x1fffe020   Data           1  lcd.o(.bss)
    Image$$ARM_LIB_STACK$$Base               0x20005ff8   Number         0  anon$$obj.o ABSOLUTE
    VbatRegisterFile                         0x4003e000   Data          32  rtc.o(.vbatregfile)
    SystemRegisterFile                       0x40041000   Data          32  common.o(.sysregfile)



==============================================================================

Memory Map of the image

  Image Entry point : 0x000005d5

  Load Region LR_ROM (Base: 0x00000000, Size: 0x000024bc, Max: 0xffffffff, ABSOLUTE)

    Execution Region ER_VECTOR_TABLE (Base: 0x00000000, Size: 0x00000410, Max: 0xffffffff, ABSOLUTE)

    Base Addr    Size         Type   Attr      Idx    E Section Name        Object

    0x00000000   0x00000410   Data   RO          127    .intvec             vectors.o


    Execution Region ER_ROM (Base: 0x00000410, Size: 0x000020ac, Max: 0xffffffff, ABSOLUTE)

    Base Addr    Size         Type   Attr      Idx    E Section Name        Object

    0x00000410   0x00000038   Code   RO         1287    .emb_text           c_p.l(rt_memcpy.o)
    0x00000448   0x00000108   Code   RO           62    .text               startup.o
    0x00000550   0x00000058   Code   RO           86    .text               arm_cm0.o
    0x000005a8   0x00000028   Code   RO          104    .text               start.o
    0x000005d0   0x00000004   Code   RO          126    .text               vectors.o
    0x000005d4   0x00000022   Code   RO          151  * .text               crt0.o
    0x000005f6   0x00000002   PAD
    0x000005f8   0x0000025c   Code   RO          261    .text               gpio.o
    0x00000854   0x000005ac   Code   RO          282    .text               i2c.o
    0x00000e00   0x000000f0   Code   RO          350    .text               pit.o
    0x00000ef0   0x00000054   Code   RO          419    .text               sim.o
    0x00000f44   0x0000008c   Code   RO          597    .text               mcg_lite.o
    0x00000fd0   0x000001b8   Code   RO          675    .text               lcd.o
    0x00001188   0x000002b4   Code   RO         1083    .text               frdm_accel_test.o
    0x0000143c   0x00000ce4   Code   RO         1143    .text               mma845x.o
    0x00002120   0x00000082   Code   RO         1288    .text               c_p.l(rt_memcpy.o)
    0x000021a2   0x000001e8   Code   RO         1293    .text               c_p.l(aeabi_sdivfast.o)
    0x0000238a   0x00000002   PAD
    0x0000238c   0x00000076   Data   RO          677    .constdata          lcd.o
    0x00002402   0x00000002   PAD
    0x00002404   0x000000b6   Data   RO         1085    .constdata          frdm_accel_test.o


    Execution Region ER_RAM_VECTOR_TABLE (Base: 0x1fffe000, Size: 0x00000000, Max: 0xffffffff, ABSOLUTE)

    **** No section assigned to this execution region ****


    Execution Region ER_RAM_CODE (Base: 0x1fffe000, Size: 0x00000000, Max: 0xffffffff, ABSOLUTE)

    **** No section assigned to this execution region ****


    Execution Region ER_RAM_DATA (Base: 0x1fffe000, Size: 0x00000000, Max: 0xffffffff, ABSOLUTE)

    **** No section assigned to this execution region ****


    Execution Region ER_RAM_BSS (Base: 0x1fffe000, Size: 0x00000074, Max: 0xffffffff, ABSOLUTE)

    Base Addr    Size         Type   Attr      Idx    E Section Name        Object

    0x1fffe000   0x00000004   Zero   RW           87    .bss                arm_cm0.o
    0x1fffe004   0x0000000c   Zero   RW          262    .bss                gpio.o
    0x1fffe010   0x0000000c   Zero   RW          283    .bss                i2c.o
    0x1fffe01c   0x00000004   Zero   RW          351    .bss                pit.o
    0x1fffe020   0x00000008   Zero   RW          676    .bss                lcd.o
    0x1fffe028   0x0000003c   Zero   RW         1084    .bss                frdm_accel_test.o
    0x1fffe064   0x0000000e   Zero   RW         1144    .bss                mma845x.o


    Execution Region ER_RAM_NO_INIT (Base: 0x1fffe074, Size: 0x00000000, Max: 0xffffffff, ABSOLUTE, UNINIT)

    **** No section assigned to this execution region ****


    Execution Region ARM_LIB_HEAP (Base: 0x1fffe074, Size: 0x00000800, Max: 0x00000800, ABSOLUTE)

    Base Addr    Size         Type   Attr      Idx    E Section Name        Object

    0x1fffe074   0x00000800   Zero   RW            1    ARM_LIB_HEAP.bss    anon$$obj.o


    Execution Region ARM_LIB_STACK (Base: 0x20005ff8, Size: 0x00000000, Max: 0xffffffff, ABSOLUTE)

    **** No section assigned to this execution region ****



  Load Region LR_SYSTEM_REGISTER_FILE (Base: 0x40041000, Size: 0x00000020, Max: 0x00000020, ABSOLUTE)

    Execution Region ER_SYSTEM_REGISTER_FILE (Base: 0x40041000, Size: 0x00000020, Max: 0x00000020, ABSOLUTE, UNINIT)

    Base Addr    Size         Type   Attr      Idx    E Section Name        Object

    0x40041000   0x00000020   Data   RW            3    .sysregfile         common.o



  Load Region LR_VBAT_REGISTER_FILE (Base: 0x4003e000, Size: 0x00000020, Max: 0x00000020, ABSOLUTE)

    Execution Region ER_VBAT_REGISTER_FILE (Base: 0x4003e000, Size: 0x00000020, Max: 0x00000020, ABSOLUTE, UNINIT)

    Base Addr    Size         Type   Attr      Idx    E Section Name        Object

    0x4003e000   0x00000020   Data   RW          395    .vbatregfile        rtc.o


==============================================================================

Image component sizes


      Code (inc. data)   RO Data    RW Data    ZI Data      Debug   Object Name

        88         14          0          0          4       1360   arm_cm0.o
         0          0          0         32          0       6057   common.o
        34          0          0          0          0        392   crt0.o
       692         64        182          0         60       9616   frdm_accel_test.o
       604         76          0          0         12      10409   gpio.o
      1452         44          0          0         12      12098   i2c.o
       440         32        118          0          8      34792   lcd.o
       140          4          0          0          0       6024   mcg_lite.o
      3300         22          0          0         14      15716   mma845x.o
       240         28          0          0          4       2842   pit.o
         0          0          0         32          0       3223   rtc.o
        84         12          0          0          0        579   sim.o
        40          8          0          0          0       5576   start.o
       264         42          0          0          0       7030   startup.o
         4          0       1040          0          0       1243   vectors.o

    ----------------------------------------------------------------------
      7384        346       1344         64       2164     116957   Object Totals
         0          0          0          0       2048          0   (incl. Generated)
         2          0          4          0          2          0   (incl. Padding)

    ----------------------------------------------------------------------

      Code (inc. data)   RO Data    RW Data    ZI Data      Debug   Library Member Name

       488          0          0          0          0         92   aeabi_sdivfast.o
       186          0          0          0          0        144   rt_memcpy.o

    ----------------------------------------------------------------------
       676          0          0          0          0        236   Library Totals
         2          0          0          0          0          0   (incl. Padding)

    ----------------------------------------------------------------------

      Code (inc. data)   RO Data    RW Data    ZI Data      Debug   Library Name

       674          0          0          0          0        236   c_p.l

    ----------------------------------------------------------------------
       676          0          0          0          0        236   Library Totals

    ----------------------------------------------------------------------

==============================================================================


      Code (inc. data)   RO Data    RW Data    ZI Data      Debug   

      8060        346       1344         64       2164     116385   Grand Totals
      8060        346       1344         64       2164     116385   ELF Image Totals
      8060        346       1344         64          0          0   ROM Totals

==============================================================================

    Total RO  Size (Code + RO Data)                 9404 (   9.18kB)
    Total RW  Size (RW Data + ZI Data)              2228 (   2.18kB)
    Total ROM Size (Code + RO Data + RW Data)       9468 (   9.25kB)

==============================================================================

