<html>
<body>
<pre>
<h1>µVision Build Log</h1>
<h2>Tool Versions:</h2>
IDE-Version: µVision V5.12.0.0
Copyright (C) 2014 ARM Ltd and ARM Germany GmbH. All rights reserved.
License Information: Ali Hossain, University of British Columbia, LIC=----
 
Tool Versions:
Toolchain:       MDK-Lite  Version: 5.12.0.0
Toolchain Path:  C:\Keil_v5\ARM\ARMCC\Bin
C Compiler:      Armcc.exe V5.05 (build 41)
Assembler:       Armasm.exe V5.05 (build 41)
Linker/Locator:  ArmLink.exe V5.05 (build 41)
Library Manager: ArmAr.exe V5.05 (build 41)
Hex Converter:   FromElf.exe V5.05 (build 41)
CPU DLL:         SARMCM3.DLL V5.12.0.0
Dialog DLL:      DARMCM1.DLL V1.11.00.0
    Target DLL: PEMicro\Pemicro_ArmCortexInterface.dll
Dialog DLL:      TARMCM1.DLL V1.08.00.0
 
<h2>Project:</h2>
C:\Users\MasRuR\Documents\GitHub\Freescale\KEIL\build\keil\frdm_projects\frdm_accel_test\project.uvprojx
Project File Date:  11/17/2014

<h2>Output:</h2>
Build target 'project - Debug'
creating preprocessor file for common.c...
compiling common.c...
creating preprocessor file for startup.c...
compiling startup.c...
creating preprocessor file for arm_cm0.c...
compiling arm_cm0.c...
creating preprocessor file for start.c...
compiling start.c...
creating preprocessor file for vectors.c...
compiling vectors.c...
assembling arch_delay.s...
assembling crt0.s...
creating preprocessor file for adc.c...
compiling adc.c...
creating preprocessor file for cmp.c...
compiling cmp.c...
creating preprocessor file for dac.c...
compiling dac.c...
creating preprocessor file for dma.c...
compiling dma.c...
creating preprocessor file for ftfa.c...
compiling ftfa.c...
creating preprocessor file for gpio.c...
compiling gpio.c...
..\..\..\..\src\drivers\gpio\gpio.c(61): warning:  #61-D: integer operation result is out of range
    if (pCallback != NULL) { pCallbackPORTC = pCallback; NVIC_SetIsr(INT_PORTCD,ip);}
..\..\..\..\src\drivers\gpio\gpio.c(61): warning:  #61-D: integer operation result is out of range
    if (pCallback != NULL) { pCallbackPORTC = pCallback; NVIC_SetIsr(INT_PORTCD,ip);}
..\..\..\..\src\drivers\gpio\gpio.c(72): warning:  #61-D: integer operation result is out of range
    if (pCallback != NULL) { pCallbackPORTD = pCallback; NVIC_SetIsr(INT_PORTCD,ip);}
..\..\..\..\src\drivers\gpio\gpio.c(72): warning:  #61-D: integer operation result is out of range
    if (pCallback != NULL) { pCallbackPORTD = pCallback; NVIC_SetIsr(INT_PORTCD,ip);}
..\..\..\..\src\drivers\gpio\gpio.c: 4 warnings, 0 errors
creating preprocessor file for i2c.c...
compiling i2c.c...
creating preprocessor file for llwu.c...
compiling llwu.c...
creating preprocessor file for mcg.c...
compiling mcg.c...
creating preprocessor file for osc.c...
compiling osc.c...
creating preprocessor file for pit.c...
compiling pit.c...
creating preprocessor file for pmc.c...
compiling pmc.c...
creating preprocessor file for rtc.c...
compiling rtc.c...
creating preprocessor file for sim.c...
compiling sim.c...
creating preprocessor file for smc.c...
compiling smc.c...
creating preprocessor file for spi.c...
compiling spi.c...
creating preprocessor file for tpm.c...
compiling tpm.c...
creating preprocessor file for tsi.c...
compiling tsi.c...
creating preprocessor file for uart.c...
compiling uart.c...
creating preprocessor file for lptmr.c...
compiling lptmr.c...
creating preprocessor file for flexio.c...
compiling flexio.c...
creating preprocessor file for lpuart.c...
compiling lpuart.c...
creating preprocessor file for mcg_lite.c...
compiling mcg_lite.c...
creating preprocessor file for mcm.c...
compiling mcm.c...
creating preprocessor file for rcm.c...
compiling rcm.c...
creating preprocessor file for sai.c...
compiling sai.c...
creating preprocessor file for lcd.c...
compiling lcd.c...
creating preprocessor file for vref.c...
compiling vref.c...
creating preprocessor file for usb_class.c...
compiling usb_class.c...
creating preprocessor file for usb_framework.c...
compiling usb_framework.c...
creating preprocessor file for usb_hid.c...
compiling usb_hid.c...
creating preprocessor file for usb_dci_kinetis.c...
compiling usb_dci_kinetis.c...
..\..\..\..\src\drivers\usbd\hal\usb_dci_kinetis.c(1116): warning:  #177-D: variable "endpoint" was declared but never referenced
                ENDPT0STR *endpoint = (ENDPT0STR*)(&USB0_ENDPT0 + (4 * endpoint_number));
..\..\..\..\src\drivers\usbd\hal\usb_dci_kinetis.c: 1 warning, 0 errors
creating preprocessor file for usb_driver.c...
compiling usb_driver.c...
creating preprocessor file for usbevent.c...
compiling usbevent.c...
creating preprocessor file for usb_descriptor.c...
compiling usb_descriptor.c...
creating preprocessor file for usb_mouse.c...
compiling usb_mouse.c...
..\..\..\..\src\drivers\usbd\usb_api\usb_hid\usb_mouse.c(93): warning:  #550-D: variable "null_buf" was set but never used
  static uint_8 null_buf[MOUSE_BUFF_SIZE];    /* Mouse Event Report Buffer
..\..\..\..\src\drivers\usbd\usb_api\usb_hid\usb_mouse.c: 1 warning, 0 errors
creating preprocessor file for flexio_i2c.c...
compiling flexio_i2c.c...
creating preprocessor file for flexio_i2s.c...
compiling flexio_i2s.c...
creating preprocessor file for flexio_spi_master.c...
compiling flexio_spi_master.c...
..\..\..\..\src\drivers\flexio\flexio_spi_master\flexio_spi_master.c(397): warning:  #68-D: integer conversion resulted in a change of sign
        data = -1;
..\..\..\..\src\drivers\flexio\flexio_spi_master\flexio_spi_master.c: 1 warning, 0 errors
creating preprocessor file for flexio_spi_slave.c...
compiling flexio_spi_slave.c...
creating preprocessor file for frdm_accel_test.c...
compiling frdm_accel_test.c...
creating preprocessor file for fxos8700.c...
compiling fxos8700.c...
creating preprocessor file for mma845x.c...
compiling mma845x.c...
creating preprocessor file for freemaster_appcmd.c...
compiling freemaster_appcmd.c...
creating preprocessor file for freemaster_can.c...
compiling freemaster_can.c...
creating preprocessor file for freemaster_Kxx.c...
compiling freemaster_Kxx.c...
creating preprocessor file for freemaster_protocol.c...
compiling freemaster_protocol.c...
creating preprocessor file for freemaster_rec.c...
compiling freemaster_rec.c...
creating preprocessor file for freemaster_scope.c...
compiling freemaster_scope.c...
creating preprocessor file for freemaster_serial.c...
compiling freemaster_serial.c...
creating preprocessor file for freemaster_sfio.c...
compiling freemaster_sfio.c...
creating preprocessor file for freemaster_tsa.c...
compiling freemaster_tsa.c...
linking...
Program Size: Code=8060 RO-data=1344 RW-data=64 ZI-data=2164  
".\debug\project.axf" - 0 Error(s), 7 Warning(s).

<h2>Collection of Component include folders:</h2>
  C:\Users\MasRuR\Documents\GitHub\Freescale\KEIL\build\keil\frdm_projects\frdm_accel_test\RTE
  C:\Keil_v5\ARM\PACK\Keil\Kinetis_KLxx_DFP\1.4.0\Device\Include

<h2>Collection of Component Files used:</h2>
</pre>
</body>
</html>
