Archive member included because of file (symbol)

C:/Freescale/CW MCU v10.6/MCU/ARM_GCC_Support/ewl/lib/armv6-m\libc.a(exit.o)
                              ./Project_Settings/Startup_Code/__arm_start.o (exit)
C:/Freescale/CW MCU v10.6/MCU/ARM_GCC_Support/ewl/lib/armv6-m\libc.a(strchr.o)
                              ./Generated_Code/UTIL1.o (strchr)
C:/Freescale/CW MCU v10.6/MCU/ARM_GCC_Support/ewl/lib/armv6-m\libc.a(memset.o)
                              ./Generated_Code/tasks.o (memset)
C:/Freescale/CW MCU v10.6/MCU/ARM_GCC_Support/ewl/lib/armv6-m\libc.a(strncmp.o)
                              ./Generated_Code/UTIL1.o (strncmp)
C:/Freescale/CW MCU v10.6/MCU/ARM_GCC_Support/ewl/lib/armv6-m\libc.a(__filll_mem.o)
                              C:/Freescale/CW MCU v10.6/MCU/ARM_GCC_Support/ewl/lib/armv6-m\libc.a(memset.o) (__fill_mem)
C:/Freescale/CW MCU v10.6/MCU/ARM_GCC_Support/ewl/lib/armv6-m\libc.a(memcpy.o)
                              ./Generated_Code/queue.o (memcpy)
C:/Freescale/CW MCU v10.6/MCU/ARM_GCC_Support/ewl/lib/armv6-m\libc.a(strlen.o)
                              ./Generated_Code/UTIL1.o (strlen)
C:/Freescale/CW MCU v10.6/MCU/ARM_GCC_Support/ewl/lib/armv6-m\libc.a(printformat_.o)
                              (__pformatter_)
C:/Freescale/CW MCU v10.6/MCU/ARM_GCC_Support/ewl/lib/armv6-m\libc.a(scanformat_.o)
                              (__sformatter)
C:/Freescale/CW MCU v10.6/MCU/ARM_GCC_Support/ewl/lib/armv6-m\libc.a(ctype_aeabi.o)
                              C:/Freescale/CW MCU v10.6/MCU/ARM_GCC_Support/ewl/lib/armv6-m\libc.a(scanformat_.o) (isspace)
C:/Freescale/CW MCU v10.6/MCU/ARM_GCC_Support/ewl/lib/armv6-m\libc.a(__strtoul.o)
                              C:/Freescale/CW MCU v10.6/MCU/ARM_GCC_Support/ewl/lib/armv6-m\libc.a(scanformat_.o) (__strtoul)
C:/Freescale/CW MCU v10.6/MCU/ARM_GCC_Support/ewl/lib/armv6-m\libc.a(memchr.o)
                              C:/Freescale/CW MCU v10.6/MCU/ARM_GCC_Support/ewl/lib/armv6-m\libc.a(printformat_.o) (memchr)
c:/freescale/cw mcu v10.6/cross_tools/arm-none-eabi-gcc-4_7_3/bin/../lib/gcc/arm-none-eabi/4.7.3/armv6-m\libgcc.a(_thumb1_case_sqi.o)
                              C:/Freescale/CW MCU v10.6/MCU/ARM_GCC_Support/ewl/lib/armv6-m\libc.a(__strtoul.o) (__gnu_thumb1_case_sqi)
c:/freescale/cw mcu v10.6/cross_tools/arm-none-eabi-gcc-4_7_3/bin/../lib/gcc/arm-none-eabi/4.7.3/armv6-m\libgcc.a(_thumb1_case_uqi.o)
                              C:/Freescale/CW MCU v10.6/MCU/ARM_GCC_Support/ewl/lib/armv6-m\libc.a(scanformat_.o) (__gnu_thumb1_case_uqi)
c:/freescale/cw mcu v10.6/cross_tools/arm-none-eabi-gcc-4_7_3/bin/../lib/gcc/arm-none-eabi/4.7.3/armv6-m\libgcc.a(_udivsi3.o)
                              ./Generated_Code/ff.o (__aeabi_uidiv)
c:/freescale/cw mcu v10.6/cross_tools/arm-none-eabi-gcc-4_7_3/bin/../lib/gcc/arm-none-eabi/4.7.3/armv6-m\libgcc.a(_divsi3.o)
                              ./Generated_Code/UTIL1.o (__aeabi_idiv)
c:/freescale/cw mcu v10.6/cross_tools/arm-none-eabi-gcc-4_7_3/bin/../lib/gcc/arm-none-eabi/4.7.3/armv6-m\libgcc.a(_dvmd_tls.o)
                              c:/freescale/cw mcu v10.6/cross_tools/arm-none-eabi-gcc-4_7_3/bin/../lib/gcc/arm-none-eabi/4.7.3/armv6-m\libgcc.a(_udivsi3.o) (__aeabi_idiv0)
C:/Freescale/CW MCU v10.6/MCU/ARM_GCC_Support/ewl/lib/armv6-m\librt.a(gcc_ctor_dtor.o)
                              ./Project_Settings/Startup_Code/__arm_start.o (__init_cpp)
C:/Freescale/CW MCU v10.6/MCU/ARM_GCC_Support/ewl/lib/armv6-m\librt.a(__arm_eabi_init.o)
                              C:/Freescale/CW MCU v10.6/MCU/ARM_GCC_Support/ewl/lib/armv6-m\libc.a(exit.o) (__destroy_global_chain)
C:/Freescale/CW MCU v10.6/MCU/ARM_GCC_Support/ewl/lib/armv6-m\librt.a(ROMCopy.o)
                              ./Project_Settings/Startup_Code/__arm_start.o (__copy_rom_sections_to_ram)
C:/Freescale/CW MCU v10.6/MCU/ARM_GCC_Support/ewl/lib/armv6-m\librt.a(setjmp.o)
                              ./Generated_Code/port.o (__setjmp)

Allocating common symbols
Common symbol       size              file

SR_reg              0x1               ./Generated_Code/Cpu.o

Discarded input sections

 .text          0x00000000        0x0 ./Generated_Code/timers.o
 .data          0x00000000        0x0 ./Generated_Code/timers.o
 .bss           0x00000000        0x0 ./Generated_Code/timers.o
 .debug_info    0x00000000       0x7d ./Generated_Code/timers.o
 .debug_abbrev  0x00000000       0x28 ./Generated_Code/timers.o
 .debug_aranges
                0x00000000       0x18 ./Generated_Code/timers.o
 .debug_macinfo
                0x00000000     0xef6c ./Generated_Code/timers.o
 .debug_line    0x00000000      0x275 ./Generated_Code/timers.o
 .debug_str     0x00000000      0x15a ./Generated_Code/timers.o
 .comment       0x00000000       0x7a ./Generated_Code/timers.o
 .ARM.attributes
                0x00000000       0x31 ./Generated_Code/timers.o
 .text          0x00000000        0x0 ./Generated_Code/tasks.o
[...]
Memory Configuration

Name             Origin             Length             Attributes
m_interrupts     0x00000000         0x000000c0         xr
m_text           0x00000410         0x0003fbf0         xr
m_data           0x1fffe000         0x00008000         rw
m_cfmprotrom     0x00000400         0x00000010         xr
*default*        0x00000000         0xffffffff

Linker script and memory map

LOAD ./Generated_Code/timers.o
LOAD ./Generated_Code/tasks.o
LOAD ./Generated_Code/queue.o
LOAD ./Generated_Code/portasm.o
LOAD ./Generated_Code/port.o
LOAD ./Generated_Code/list.o
LOAD ./Generated_Code/heap_4.o
LOAD ./Generated_Code/heap_3.o
LOAD ./Generated_Code/heap_2.o
LOAD ./Generated_Code/heap_1.o
LOAD ./Generated_Code/ff.o
LOAD ./Generated_Code/event_groups.o
LOAD ./Generated_Code/croutine.o
LOAD ./Generated_Code/WAIT1.o
LOAD ./Generated_Code/Vectors.o
LOAD ./Generated_Code/UTIL1.o
LOAD ./Generated_Code/TmDt1.o
LOAD ./Generated_Code/TMOUT1.o
LOAD ./Generated_Code/SS1.o
LOAD ./Generated_Code/SM1.o
LOAD ./Generated_Code/SD1.o
LOAD ./Generated_Code/PE_LDD.o
LOAD ./Generated_Code/FRTOS1.o
LOAD ./Generated_Code/FAT1.o
LOAD ./Generated_Code/Cpu.o
LOAD ./Generated_Code/CS1.o
LOAD ./Project_Settings/Startup_Code/__arm_start.o
LOAD ./Project_Settings/Startup_Code/__arm_end.o
LOAD ./Sources/sa_mtb.o
LOAD ./Sources/main.o
LOAD ./Sources/Events.o
                0x00005d14                __pformatter = __pformatter_
                [0x0000613c]                __sformatter = __sformatter
START GROUP
LOAD C:/Freescale/CW MCU v10.6/MCU/ARM_GCC_Support/ewl/lib/armv6-m\libc.a
LOAD C:/Freescale/CW MCU v10.6/MCU/ARM_GCC_Support/ewl/lib/armv6-m\libm.a
LOAD c:/freescale/cw mcu v10.6/cross_tools/arm-none-eabi-gcc-4_7_3/bin/../lib/gcc/arm-none-eabi/4.7.3/armv6-m\libgcc.a
LOAD C:/Freescale/CW MCU v10.6/MCU/ARM_GCC_Support/ewl/lib/armv6-m\librt.a
LOAD C:/Freescale/CW MCU v10.6/MCU/ARM_GCC_Support/ewl/lib/armv6-m\libuart.a
END GROUP
                0x20006000                _estack = 0x20006000
                0x20006000                __SP_INIT = _estack
                0x00000000                __heap_size = 0x0
                0x00000400                __stack_size = 0x400

.interrupts     0x00000000       0xc0
                0x00000000                __vector_table = .
                0x00000000                . = ALIGN (0x4)
 *(.vectortable)
 .vectortable   0x00000000       0xc0 ./Generated_Code/Vectors.o
                0x00000000                __vect_table
                0x000000c0                . = ALIGN (0x4)

.cfmprotect     0x00000400       0x10
                0x00000400                . = ALIGN (0x4)
 *(.cfmconfig)
 .cfmconfig     0x00000400       0x10 ./Generated_Code/Cpu.o
                0x00000400                _cfm
                0x00000410                . = ALIGN (0x4)

.text           0x00000410     0x6b88
                0x00000410                . = ALIGN (0x4)
 *(.text)
 .text          0x00000410       0x14 c:/freescale/cw mcu v10.6/cross_tools/arm-none-eabi-gcc-4_7_3/bin/../lib/gcc/arm-none-eabi/4.7.3/armv6-m\libgcc.a(_thumb1_case_sqi.o)
                0x00000410                __gnu_thumb1_case_sqi
 .text          0x00000424       0x14 c:/freescale/cw mcu v10.6/cross_tools/arm-none-eabi-gcc-4_7_3/bin/../lib/gcc/arm-none-eabi/4.7.3/armv6-m\libgcc.a(_thumb1_case_uqi.o)
                0x00000424                __gnu_thumb1_case_uqi
 .text          0x00000438       0x9c c:/freescale/cw mcu v10.6/cross_tools/arm-none-eabi-gcc-4_7_3/bin/../lib/gcc/arm-none-eabi/4.7.3/armv6-m\libgcc.a(_udivsi3.o)
                0x00000438                __aeabi_uidiv
                0x00000438                __udivsi3
                0x000004c0                __aeabi_uidivmod
 .text          0x000004d4        0x4 c:/freescale/cw mcu v10.6/cross_tools/arm-none-eabi-gcc-4_7_3/bin/../lib/gcc/arm-none-eabi/4.7.3/armv6-m\libgcc.a(_dvmd_tls.o)
                0x000004d4                __aeabi_idiv0
                0x000004d4                __aeabi_ldiv0
 *(.text*)
 .text.vTaskSuspendAll
                0x000004d8       0x18 ./Generated_Code/tasks.o
                0x000004d8                vTaskSuspendAll
 .text.xTaskResumeAll
                0x000004f0      0x108 ./Generated_Code/tasks.o
                0x000004f0                xTaskResumeAll
 .text.xTaskIncrementTick
                0x000005f8      0x180 ./Generated_Code/tasks.o
                0x000005f8                xTaskIncrementTick
 .text.vTaskSwitchContext
                0x00000778       0xc0 ./Generated_Code/tasks.o
                0x00000778                vTaskSwitchContext
 .text.vTaskPlaceOnEventList
                0x00000838       0x6c ./Generated_Code/tasks.o
                0x00000838                vTaskPlaceOnEventList
 .text.xTaskRemoveFromEventList
                0x000008a4       0xb8 ./Generated_Code/tasks.o
                0x000008a4                xTaskRemoveFromEventList
 .text.vTaskSetTimeOutState
                0x0000095c       0x30 ./Generated_Code/tasks.o
                0x0000095c                vTaskSetTimeOutState
 .text.xTaskCheckForTimeOut
                0x0000098c       0x9c ./Generated_Code/tasks.o
                0x0000098c                xTaskCheckForTimeOut
 .text.vTaskMissedYield
                0x00000a28       0x14 ./Generated_Code/tasks.o
                0x00000a28                vTaskMissedYield
 .text.prvAddCurrentTaskToDelayedList
                0x00000a3c       0x6c ./Generated_Code/tasks.o
 .text.prvResetNextTaskUnblockTime
                0x00000aa8       0x44 ./Generated_Code/tasks.o
 .text.xTaskGetCurrentTaskHandle
                0x00000aec       0x1c ./Generated_Code/tasks.o
                0x00000aec                xTaskGetCurrentTaskHandle
 .text.xTaskGetSchedulerState
                0x00000b08       0x38 ./Generated_Code/tasks.o
                0x00000b08                xTaskGetSchedulerState
 .text.vTaskPriorityInherit
                0x00000b40       0xbc ./Generated_Code/tasks.o
                0x00000b40                vTaskPriorityInherit
 .text.vTaskPriorityDisinherit
                0x00000bfc       0x84 ./Generated_Code/tasks.o
                0x00000bfc                vTaskPriorityDisinherit
 .text.xQueueCreateMutex
                0x00000c80       0x8c ./Generated_Code/queue.o
                0x00000c80                xQueueCreateMutex
 .text.xQueueGenericSend
                0x00000d0c      0x180 ./Generated_Code/queue.o
                0x00000d0c                xQueueGenericSend
 .text.xQueueGenericReceive
                0x00000e8c      0x1bc ./Generated_Code/queue.o
                0x00000e8c                xQueueGenericReceive
 .text.vQueueDelete
                0x00001048       0x38 ./Generated_Code/queue.o
                0x00001048                vQueueDelete
 .text.prvCopyDataToQueue
                0x00001080       0xd4 ./Generated_Code/queue.o
 .text.prvCopyDataFromQueue
                0x00001154       0x50 ./Generated_Code/queue.o
 .text.prvUnlockQueue
                0x000011a4       0x98 ./Generated_Code/queue.o
 .text.prvIsQueueEmpty
                0x0000123c       0x2c ./Generated_Code/queue.o
 .text.prvIsQueueFull
                0x00001268       0x30 ./Generated_Code/queue.o
 .text.vPortStopTickTimer
                0x00001298       0x14 ./Generated_Code/port.o
                0x00001298                vPortStopTickTimer
 .text.vPortEnterCritical
                0x000012ac       0x20 ./Generated_Code/port.o
                0x000012ac                vPortEnterCritical
 .text.vPortExitCritical
                0x000012cc       0x20 ./Generated_Code/port.o
                0x000012cc                vPortExitCritical
 .text.vPortYieldFromISR
                0x000012ec       0x1c ./Generated_Code/port.o
                0x000012ec                vPortYieldFromISR
 .text.vPortTickHandler
                0x00001308       0x1c ./Generated_Code/port.o
                0x00001308                vPortTickHandler
 .text.vPortSVCHandler
                0x00001324       0x28 ./Generated_Code/port.o
                0x00001324                vPortSVCHandler
 .text.vPortPendSVHandler
                0x0000134c       0x44 ./Generated_Code/port.o
                0x0000134c                vPortPendSVHandler
 .text.vListInitialise
                0x00001390       0x3c ./Generated_Code/list.o
                0x00001390                vListInitialise
 .text.vListInsertEnd
                0x000013cc       0x44 ./Generated_Code/list.o
                0x000013cc                vListInsertEnd
 .text.vListInsert
                0x00001410       0x6c ./Generated_Code/list.o
                0x00001410                vListInsert
 .text.uxListRemove
                0x0000147c       0x50 ./Generated_Code/list.o
                0x0000147c                uxListRemove
 .text.pvPortMalloc
                0x000014cc      0x12c ./Generated_Code/heap_2.o
                0x000014cc                pvPortMalloc
 .text.vPortFree
                0x000015f8       0x78 ./Generated_Code/heap_2.o
                0x000015f8                vPortFree
 .text.prvHeapInit
                0x00001670       0x4c ./Generated_Code/heap_2.o
 .text.mem_cpy  0x000016bc       0x44 ./Generated_Code/ff.o
 .text.mem_set  0x00001700       0x38 ./Generated_Code/ff.o
 .text.mem_cmp  0x00001738       0x5c ./Generated_Code/ff.o
 .text.chk_chr  0x00001794       0x34 ./Generated_Code/ff.o
 .text.lock_fs  0x000017c8       0x1c ./Generated_Code/ff.o
 .text.unlock_fs
                0x000017e4       0x44 ./Generated_Code/ff.o
 .text.sync_window
                0x00001828       0xa0 ./Generated_Code/ff.o
 .text.move_window
                0x000018c8       0x78 ./Generated_Code/ff.o
 .text.sync_fs  0x00001940      0x198 ./Generated_Code/ff.o
 .text.clust2sect
                0x00001ad8       0x38 ./Generated_Code/ff.o
                0x00001ad8                clust2sect
 .text.get_fat  0x00001b10      0x178 ./Generated_Code/ff.o
                0x00001b10                get_fat
 .text.put_fat  0x00001c88      0x244 ./Generated_Code/ff.o
                0x00001c88                put_fat
 .text.remove_chain
                0x00001ecc       0xc8 ./Generated_Code/ff.o
 .text.create_chain
                0x00001f94      0x154 ./Generated_Code/ff.o
 .text.clmt_clust
                0x000020e8       0x68 ./Generated_Code/ff.o
 .text.dir_sdi  0x00002150      0x104 ./Generated_Code/ff.o
 .text.dir_next
                0x00002254      0x1a8 ./Generated_Code/ff.o
 .text.dir_alloc
                0x000023fc       0xb4 ./Generated_Code/ff.o
 .text.ld_clust
                0x000024b0       0x54 ./Generated_Code/ff.o
 .text.st_clust
                0x00002504       0x48 ./Generated_Code/ff.o
 .text.dir_find
                0x0000254c       0xc8 ./Generated_Code/ff.o
 .text.dir_register
                0x00002614       0x7c ./Generated_Code/ff.o
 .text.create_name
                0x00002690      0x2b4 ./Generated_Code/ff.o
 .text.follow_path
                0x00002944      0x144 ./Generated_Code/ff.o
 .text.get_ldnumber
                0x00002a88       0x88 ./Generated_Code/ff.o
 .text.check_fs
                0x00002b10       0xcc ./Generated_Code/ff.o
 .text.find_volume
                0x00002bdc      0x5e4 ./Generated_Code/ff.o
 .text.validate
                0x000031c0       0x70 ./Generated_Code/ff.o
 .text.f_mount  0x00003230       0xd4 ./Generated_Code/ff.o
                0x00003230                f_mount
 .text.f_open   0x00003304      0x318 ./Generated_Code/ff.o
                0x00003304                f_open
 .text.f_write  0x0000361c      0x3b0 ./Generated_Code/ff.o
                0x0000361c                f_write
 .text.f_sync   0x000039cc      0x19c ./Generated_Code/ff.o
                0x000039cc                f_sync
 .text.f_close  0x00003b68       0x60 ./Generated_Code/ff.o
                0x00003b68                f_close
 .text.WAIT1_Wait10Cycles
                0x00003bc8        0x8 ./Generated_Code/WAIT1.o
                0x00003bc8                WAIT1_Wait10Cycles
 .text.WAIT1_Wait100Cycles
                0x00003bd0       0x18 ./Generated_Code/WAIT1.o
                0x00003bd0                WAIT1_Wait100Cycles
 .text.WAIT1_WaitCycles
                0x00003be8       0x44 ./Generated_Code/WAIT1.o
                0x00003be8                WAIT1_WaitCycles
 .text.WAIT1_WaitLongCycles
                0x00003c2c       0x3c ./Generated_Code/WAIT1.o
                0x00003c2c                WAIT1_WaitLongCycles
 .text.WAIT1_Waitms
                0x00003c68       0x38 ./Generated_Code/WAIT1.o
                0x00003c68                WAIT1_Waitms
 .text.TmDt1_SetTime
                0x00003ca0       0x94 ./Generated_Code/TmDt1.o
                0x00003ca0                TmDt1_SetTime
 .text.TmDt1_GetTime
                0x00003d34       0xb4 ./Generated_Code/TmDt1.o
                0x00003d34                TmDt1_GetTime
 .text.TmDt1_SetDate
                0x00003de8       0xc8 ./Generated_Code/TmDt1.o
                0x00003de8                TmDt1_SetDate
 .text.TmDt1_GetDate
                0x00003eb0       0x4c ./Generated_Code/TmDt1.o
                0x00003eb0                TmDt1_GetDate
 .text.TmDt1_Init
                0x00003efc       0x24 ./Generated_Code/TmDt1.o
                0x00003efc                TmDt1_Init
 .text.TMOUT1_GetCounter
                0x00003f20       0xac ./Generated_Code/TMOUT1.o
                0x00003f20                TMOUT1_GetCounter
 .text.TMOUT1_LeaveCounter
                0x00003fcc       0x50 ./Generated_Code/TMOUT1.o
                0x00003fcc                TMOUT1_LeaveCounter
 .text.TMOUT1_CounterExpired
                0x0000401c       0x58 ./Generated_Code/TMOUT1.o
                0x0000401c                TMOUT1_CounterExpired
 .text.TMOUT1_AddTick
                0x00004074       0x60 ./Generated_Code/TMOUT1.o
                0x00004074                TMOUT1_AddTick
 .text.TMOUT1_Init
                0x000040d4       0x44 ./Generated_Code/TMOUT1.o
                0x000040d4                TMOUT1_Init
 .text.SS1_Init
                0x00004118       0x68 ./Generated_Code/SS1.o
                0x00004118                SS1_Init
 .text.SS1_ClrVal
                0x00004180       0x1c ./Generated_Code/SS1.o
                0x00004180                SS1_ClrVal
 .text.SS1_SetVal
                0x0000419c       0x1c ./Generated_Code/SS1.o
                0x0000419c                SS1_SetVal
 .text.SM1_Init
                0x000041b8      0x130 ./Generated_Code/SM1.o
                0x000041b8                SM1_Init
 .text.SM1_ReceiveBlock
                0x000042e8       0x68 ./Generated_Code/SM1.o
                0x000042e8                SM1_ReceiveBlock
 .text.SM1_SendBlock
                0x00004350       0x54 ./Generated_Code/SM1.o
                0x00004350                SM1_SendBlock
 .text.SM1_SelectConfiguration
                0x000043a4       0xb8 ./Generated_Code/SM1.o
                0x000043a4                SM1_SelectConfiguration
 .text.SM1_Interrupt
                0x0000445c       0xe0 ./Generated_Code/SM1.o
                0x0000445c                SM1_Interrupt
 .text.SD1_disk_initialize
                0x0000453c      0x1b0 ./Generated_Code/SD1.o
                0x0000453c                SD1_disk_initialize
 .text.SD1_disk_status
                0x000046ec       0x20 ./Generated_Code/SD1.o
                0x000046ec                SD1_disk_status
 .text.SD1_disk_read
                0x0000470c       0xd0 ./Generated_Code/SD1.o
                0x0000470c                SD1_disk_read
 .text.SD1_disk_write
                0x000047dc      0x10c ./Generated_Code/SD1.o
                0x000047dc                SD1_disk_write
 .text.chk_power
                0x000048e8        0xc ./Generated_Code/SD1.o
 .text.power_off
                0x000048f4        0x8 ./Generated_Code/SD1.o
 .text.power_on
                0x000048fc        0x8 ./Generated_Code/SD1.o
 .text.SD1_disk_ioctl
                0x00004904      0x480 ./Generated_Code/SD1.o
                0x00004904                SD1_disk_ioctl
 .text.SD1_SPI_WRITE
                0x00004d84       0x50 ./Generated_Code/SD1.o
                0x00004d84                SD1_SPI_WRITE
 .text.SD1_SPI_WRITE_BLOCK
                0x00004dd4       0xa0 ./Generated_Code/SD1.o
 .text.SD1_SPI_WRITE_READ
                0x00004e74       0x50 ./Generated_Code/SD1.o
 .text.SD1_SPI_WRITE_READ_BLOCK
                0x00004ec4       0x58 ./Generated_Code/SD1.o
 .text.SD1_Activate
                0x00004f1c       0x18 ./Generated_Code/SD1.o
                0x00004f1c                SD1_Activate
 .text.SD1_Deactivate
                0x00004f34       0x18 ./Generated_Code/SD1.o
                0x00004f34                SD1_Deactivate
 .text.SD1_WaitReady
                0x00004f4c       0x6c ./Generated_Code/SD1.o
                0x00004f4c                SD1_WaitReady
 .text.SD1_ReceiveDataBlock
                0x00004fb8      0x110 ./Generated_Code/SD1.o
                0x00004fb8                SD1_ReceiveDataBlock
 .text.SD1_SendDataBlock
                0x000050c8       0x88 ./Generated_Code/SD1.o
                0x000050c8                SD1_SendDataBlock
 .text.SD1_SendCmd
                0x00005150      0x15c ./Generated_Code/SD1.o
                0x00005150                SD1_SendCmd
 .text.SendCommand
                0x000052ac       0xc4 ./Generated_Code/SD1.o
 .text.SD1_Init
                0x00005370       0xec ./Generated_Code/SD1.o
                0x00005370                SD1_Init
 .text.SD1_ReceiveByte
                0x0000545c       0x24 ./Generated_Code/SD1.o
                0x0000545c                SD1_ReceiveByte
 .text.SD1_SetFastMode
                0x00005480       0x1c ./Generated_Code/SD1.o
                0x00005480                SD1_SetFastMode
 .text.SM1_OnBlockReceived
                0x0000549c       0x18 ./Generated_Code/SD1.o
                0x0000549c                SM1_OnBlockReceived
 .text.disk_initialize
                0x000054b4       0x30 ./Generated_Code/FAT1.o
                0x000054b4                disk_initialize
 .text.disk_status
                0x000054e4       0x30 ./Generated_Code/FAT1.o
                0x000054e4                disk_status
 .text.disk_read
                0x00005514       0x40 ./Generated_Code/FAT1.o
                0x00005514                disk_read
 .text.disk_write
                0x00005554       0x40 ./Generated_Code/FAT1.o
                0x00005554                disk_write
 .text.disk_ioctl
                0x00005594       0x40 ./Generated_Code/FAT1.o
                0x00005594                disk_ioctl
 .text.ff_cre_syncobj
                0x000055d4       0x2c ./Generated_Code/FAT1.o
                0x000055d4                ff_cre_syncobj
 .text.ff_del_syncobj
                0x00005600       0x1c ./Generated_Code/FAT1.o
                0x00005600                ff_del_syncobj
 .text.ff_req_grant
                0x0000561c       0x30 ./Generated_Code/FAT1.o
                0x0000561c                ff_req_grant
 .text.ff_rel_grant
                0x0000564c       0x1c ./Generated_Code/FAT1.o
                0x0000564c                ff_rel_grant
 .text.FAT1_get_fattime
                0x00005668       0x88 ./Generated_Code/FAT1.o
                0x00005668                FAT1_get_fattime
 .text.Cpu_INT_NMIInterrupt
                0x000056f0        0xc ./Generated_Code/Cpu.o
                0x000056f0                Cpu_INT_NMIInterrupt
 .text.Cpu_Interrupt
                0x000056fc        0xc ./Generated_Code/Cpu.o
                0x000056fc                Cpu_Interrupt
 .text.__init_hardware
                0x00005708      0x188 ./Generated_Code/Cpu.o
                0x00005708                __init_hardware
 .text.PE_low_level_init
                0x00005890       0xe0 ./Generated_Code/Cpu.o
                0x00005890                PE_low_level_init
 .text.zero_fill_bss
                0x00005970       0x24 ./Project_Settings/Startup_Code/__arm_start.o
 .text.__thumb_startup
                0x00005994       0x30 ./Project_Settings/Startup_Code/__arm_start.o
                0x00005994                __thumb_startup
 .text._ExitProcess
                0x000059c4        0xc ./Project_Settings/Startup_Code/__arm_end.o
                0x000059c4                _ExitProcess
 .text.main     0x000059d0       0x68 ./Sources/main.o
                0x000059d0                main
 .text.Cpu_OnNMIINT
                0x00005a38        0x8 ./Sources/Events.o
                0x00005a38                Cpu_OnNMIINT
 .text.SM1_OnBlockSent
                0x00005a40       0x10 ./Sources/Events.o
                0x00005a40                SM1_OnBlockSent
 .text.FRTOS1_vApplicationStackOverflowHook
                0x00005a50       0x10 ./Sources/Events.o
                0x00005a50                FRTOS1_vApplicationStackOverflowHook
 .text.FRTOS1_vApplicationTickHook
                0x00005a60        0xc ./Sources/Events.o
                0x00005a60                FRTOS1_vApplicationTickHook
 .text.FRTOS1_vApplicationMallocFailedHook
                0x00005a6c        0x8 ./Sources/Events.o
                0x00005a6c                FRTOS1_vApplicationMallocFailedHook
 .text.exit     0x00005a74       0x38 C:/Freescale/CW MCU v10.6/MCU/ARM_GCC_Support/ewl/lib/armv6-m\libc.a(exit.o)
                0x00005a74                exit
 .text.strchr   0x00005aac       0x1e C:/Freescale/CW MCU v10.6/MCU/ARM_GCC_Support/ewl/lib/armv6-m\libc.a(strchr.o)
                0x00005aac                strchr
 .text.memset   0x00005aca        0xc C:/Freescale/CW MCU v10.6/MCU/ARM_GCC_Support/ewl/lib/armv6-m\libc.a(memset.o)
                0x00005aca                memset
 .text.__fill_mem
                0x00005ad6       0x7e C:/Freescale/CW MCU v10.6/MCU/ARM_GCC_Support/ewl/lib/armv6-m\libc.a(__filll_mem.o)
                0x00005ad6                __fill_mem
 .text.memcpy   0x00005b54       0x12 C:/Freescale/CW MCU v10.6/MCU/ARM_GCC_Support/ewl/lib/armv6-m\libc.a(memcpy.o)
                0x00005b54                memcpy
 .text.strlen   0x00005b66       0x10 C:/Freescale/CW MCU v10.6/MCU/ARM_GCC_Support/ewl/lib/armv6-m\libc.a(strlen.o)
                0x00005b66                strlen
 *fill*         0x00005b76        0x2 00
 .text.long2str.isra.0
                0x00005b78      0x19c C:/Freescale/CW MCU v10.6/MCU/ARM_GCC_Support/ewl/lib/armv6-m\libc.a(printformat_.o)
 .text.__pformatter_
                0x00005d14      0x428 C:/Freescale/CW MCU v10.6/MCU/ARM_GCC_Support/ewl/lib/armv6-m\libc.a(printformat_.o)
                0x00005d14                __pformatter_
 .text.__sformatter
                0x0000613c      0x698 C:/Freescale/CW MCU v10.6/MCU/ARM_GCC_Support/ewl/lib/armv6-m\libc.a(scanformat_.o)
                0x0000613c                __sformatter
 .text.isalpha  0x000067d4       0x20 C:/Freescale/CW MCU v10.6/MCU/ARM_GCC_Support/ewl/lib/armv6-m\libc.a(ctype_aeabi.o)
                0x000067d4                isalpha
 .text.isspace  0x000067f4       0x20 C:/Freescale/CW MCU v10.6/MCU/ARM_GCC_Support/ewl/lib/armv6-m\libc.a(ctype_aeabi.o)
                0x000067f4                isspace
 .text.toupper  0x00006814        0xe C:/Freescale/CW MCU v10.6/MCU/ARM_GCC_Support/ewl/lib/armv6-m\libc.a(ctype_aeabi.o)
                0x00006814                toupper
 .text.__strtoul
                0x00006822      0x1ce C:/Freescale/CW MCU v10.6/MCU/ARM_GCC_Support/ewl/lib/armv6-m\libc.a(__strtoul.o)
                0x00006822                __strtoul
 .text.memchr   0x000069f0       0x1a C:/Freescale/CW MCU v10.6/MCU/ARM_GCC_Support/ewl/lib/armv6-m\libc.a(memchr.o)
                0x000069f0                memchr
 *fill*         0x00006a0a        0x2 00
 .text.__init_cpp
                0x00006a0c       0x48 C:/Freescale/CW MCU v10.6/MCU/ARM_GCC_Support/ewl/lib/armv6-m\librt.a(gcc_ctor_dtor.o)
                0x00006a0c                __init_cpp
 .text.__fini_cpp
                0x00006a54       0x34 C:/Freescale/CW MCU v10.6/MCU/ARM_GCC_Support/ewl/lib/armv6-m\librt.a(gcc_ctor_dtor.o)
                0x00006a54                __fini_cpp
 .text.__destroy_global_chain
                0x00006a88       0x1c C:/Freescale/CW MCU v10.6/MCU/ARM_GCC_Support/ewl/lib/armv6-m\librt.a(__arm_eabi_init.o)
                0x00006a88                __destroy_global_chain
 .text.__init_registers
                0x00006aa4       0x1c C:/Freescale/CW MCU v10.6/MCU/ARM_GCC_Support/ewl/lib/armv6-m\librt.a(__arm_eabi_init.o)
                0x00006aa4                __init_registers
 .text.__init_user
                0x00006ac0        0x4 C:/Freescale/CW MCU v10.6/MCU/ARM_GCC_Support/ewl/lib/armv6-m\librt.a(__arm_eabi_init.o)
                0x00006ac0                __init_user
 .text.__copy_rom_section
                0x00006ac4       0x48 C:/Freescale/CW MCU v10.6/MCU/ARM_GCC_Support/ewl/lib/armv6-m\librt.a(ROMCopy.o)
                0x00006ac4                __copy_rom_section
 .text.__copy_rom_sections_to_ram
                0x00006b0c       0x34 C:/Freescale/CW MCU v10.6/MCU/ARM_GCC_Support/ewl/lib/armv6-m\librt.a(ROMCopy.o)
                0x00006b0c                __copy_rom_sections_to_ram
 *(.rodata)
 .rodata        0x00006b40       0x44 ./Generated_Code/ff.o
 .rodata        0x00006b84       0x1c ./Sources/main.o
 *(.rodata*)
 .rodata.heapSTRUCT_SIZE
                0x00006ba0        0x2 ./Generated_Code/heap_2.o
 *fill*         0x00006ba2        0x2 00
 .rodata.ExCvt  0x00006ba4       0x80 ./Generated_Code/ff.o
 .rodata.ULY    0x00006c24        0xc ./Generated_Code/TmDt1.o
 .rodata.LY     0x00006c30        0xc ./Generated_Code/TmDt1.o
 .rodata.ConfigurationSet
                0x00006c3c        0x8 ./Generated_Code/SM1.o
 .rodata.SD1_disk_ioctl
                0x00006c44       0x48 ./Generated_Code/SD1.o
 .rodata.dummyArr
                0x00006c8c      0x200 ./Generated_Code/SD1.o
 .rodata.str1.1
                0x00006e8c        0x1 C:/Freescale/CW MCU v10.6/MCU/ARM_GCC_Support/ewl/lib/armv6-m\libc.a(printformat_.o)
 .rodata.CSWTCH.20
                0x00006e8d        0x5 C:/Freescale/CW MCU v10.6/MCU/ARM_GCC_Support/ewl/lib/armv6-m\libc.a(printformat_.o)
 .rodata.CSWTCH.21
                0x00006e92        0x5 C:/Freescale/CW MCU v10.6/MCU/ARM_GCC_Support/ewl/lib/armv6-m\libc.a(printformat_.o)
 .rodata.__aeabi_ctype_table_C
                0x00006e97      0x101 C:/Freescale/CW MCU v10.6/MCU/ARM_GCC_Support/ewl/lib/armv6-m\libc.a(ctype_aeabi.o)
                0x00006e97                __aeabi_ctype_table_C
 *(.glue_7)
 .glue_7        0x00000000        0x0 linker stubs
 *(.glue_7t)
 .glue_7t       0x00000000        0x0 linker stubs
 *(.eh_frame)
 *(.init)
 *(.fini)
                0x00006f98                . = ALIGN (0x4)
                0x00006f98                _etext = .

.vfp11_veneer   0x00006f98        0x0
 .vfp11_veneer  0x00000000        0x0 linker stubs

.v4_bx          0x00006f98        0x0
 .v4_bx         0x00000000        0x0 linker stubs

.iplt           0x00006f98        0x0
 .iplt          0x00000000        0x0 ./Generated_Code/timers.o

.rel.dyn        0x00006f98        0x0
 .rel.iplt      0x00000000        0x0 ./Generated_Code/timers.o

.ARM.extab
 *(.ARM.extab* .gnu.linkonce.armextab.*)

.ARM            0x00006f98        0x0
                0x00006f98                __exidx_start = .
 *(.ARM.exidx*)
                0x00006f98                __exidx_end = .

.ctors          0x00006f98        0x0
                0x00006f98                __CTOR_LIST__ = .
 *crtbegin.o(.ctors)
 *(EXCLUDE_FILE(*crtend.o) .ctors)
 *(SORT(.ctors.*))
 *(.ctors)
                0x00006f98                __CTOR_END__ = .

.dtors          0x00006f98        0x0
                0x00006f98                __DTOR_LIST__ = .
 *crtbegin.o(.dtors)
 *(EXCLUDE_FILE(*crtend.o) .dtors)
 *(SORT(.dtors.*))
 *(.dtors)
                0x00006f98                __DTOR_END__ = .

.preinit_array  0x00006f98        0x0
                0x00006f98                PROVIDE (__preinit_array_start, .)
 *(.preinit_array*)
                0x00006f98                PROVIDE (__preinit_array_end, .)

.init_array     0x00006f98        0x0
                0x00006f98                PROVIDE (__init_array_start, .)
 *(SORT(.init_array.*))
 *(.init_array*)
                0x00006f98                PROVIDE (__init_array_end, .)

.fini_array     0x00006f98        0x0
                0x00006f98                PROVIDE (__fini_array_start, .)
 *(SORT(.fini_array.*))
 *(.fini_array*)
                0x00006f98                PROVIDE (__fini_array_end, .)
                0x00006f98                ___ROM_AT = .

.mtb            0x1fffe000        0x0
                0x1fffe000                . = ALIGN (0x8)
                0x1fffe000                _mtb_start = .
 *(.mtb_buf)
                0x1fffe000                . = ALIGN (0x8)
                0x1fffe000                _mtb_end = .

.data           0x1fffe000       0x10 load address 0x00006f98
                0x1fffe000                . = ALIGN (0x4)
                0x1fffe000                _sdata = .
 *(.data)
 *(.data*)
 .data.xNextTaskUnblockTime
                0x1fffe000        0x4 ./Generated_Code/tasks.o
 .data.uxCriticalNesting
                0x1fffe004        0x4 ./Generated_Code/port.o
 .data.xFreeBytesRemaining
                0x1fffe008        0x4 ./Generated_Code/heap_2.o
 .data.Stat     0x1fffe00c        0x1 ./Generated_Code/SD1.o
 .data.CardType
                0x1fffe00d        0x1 ./Generated_Code/SD1.o
                0x1fffe010                . = ALIGN (0x4)
 *fill*         0x1fffe00e        0x2 00
                0x1fffe010                _edata = .
                0x00000010                ___data_size = (_edata - _sdata)

.igot.plt       0x1fffe010        0x0 load address 0x00006fa8
 .igot.plt      0x00000000        0x0 ./Generated_Code/timers.o
                0x1fffe010                . = ALIGN (0x4)

.bss            0x1fffe010      0xda4 load address 0x00006fa8
                0x1fffe010                __START_BSS = .
                0x1fffe010                PROVIDE (__bss_start__, __START_BSS)
 *(.bss)
 *(.bss*)
 .bss.pxCurrentTCB
                0x1fffe010        0x4 ./Generated_Code/tasks.o
                0x1fffe010                pxCurrentTCB
 .bss.pxReadyTasksLists
                0x1fffe014       0x78 ./Generated_Code/tasks.o
 .bss.pxDelayedTaskList
                0x1fffe08c        0x4 ./Generated_Code/tasks.o
 .bss.pxOverflowDelayedTaskList
                0x1fffe090        0x4 ./Generated_Code/tasks.o
 .bss.xPendingReadyList
                0x1fffe094       0x14 ./Generated_Code/tasks.o
 .bss.xSuspendedTaskList
                0x1fffe0a8       0x14 ./Generated_Code/tasks.o
 .bss.uxCurrentNumberOfTasks
                0x1fffe0bc        0x4 ./Generated_Code/tasks.o
 .bss.xTickCount
                0x1fffe0c0        0x4 ./Generated_Code/tasks.o
 .bss.uxTopReadyPriority
                0x1fffe0c4        0x4 ./Generated_Code/tasks.o
 .bss.xSchedulerRunning
                0x1fffe0c8        0x4 ./Generated_Code/tasks.o
 .bss.uxPendedTicks
                0x1fffe0cc        0x4 ./Generated_Code/tasks.o
 .bss.xYieldPending
                0x1fffe0d0        0x4 ./Generated_Code/tasks.o
 .bss.xNumOfOverflows
                0x1fffe0d4        0x4 ./Generated_Code/tasks.o
 .bss.uxSchedulerSuspended
                0x1fffe0d8        0x4 ./Generated_Code/tasks.o
 .bss.ucHeap    0x1fffe0dc      0x800 ./Generated_Code/heap_2.o
 .bss.xStart    0x1fffe8dc        0x8 ./Generated_Code/heap_2.o
 .bss.xEnd      0x1fffe8e4        0x8 ./Generated_Code/heap_2.o
 .bss.xHeapHasBeenInitialised.6860
                0x1fffe8ec        0x4 ./Generated_Code/heap_2.o
 .bss.FatFs     0x1fffe8f0        0x4 ./Generated_Code/ff.o
 .bss.Fsid      0x1fffe8f4        0x2 ./Generated_Code/ff.o
 .bss.CntDay    0x1fffe8f6        0x1 ./Generated_Code/TmDt1.o
 .bss.CntMonth  0x1fffe8f7        0x1 ./Generated_Code/TmDt1.o
 .bss.CntYear   0x1fffe8f8        0x2 ./Generated_Code/TmDt1.o
 *fill*         0x1fffe8fa        0x2 00
 .bss.tickCntr  0x1fffe8fc        0x4 ./Generated_Code/TmDt1.o
 .bss.TMOUT1_Counters
                0x1fffe900        0x4 ./Generated_Code/TMOUT1.o
 .bss.TMOUT1_FreeCounters
                0x1fffe904        0x4 ./Generated_Code/TMOUT1.o
 .bss.DeviceDataPrv__DEFAULT_RTOS_ALLOC
                0x1fffe908        0x4 ./Generated_Code/SS1.o
 .bss.DeviceDataPrv__DEFAULT_RTOS_ALLOC
                0x1fffe90c       0x1c ./Generated_Code/SM1.o
 .bss.INT_SPI1__BAREBOARD_RTOS_ISRPARAM
                0x1fffe928        0x4 ./Generated_Code/SM1.o
 .bss.SD1_DataReceivedFlag
                0x1fffe92c        0x1 ./Generated_Code/SD1.o
 *fill*         0x1fffe92d        0x3 00
 .bss.PE_LDD_DeviceDataList
                0x1fffe930        0x8 ./Generated_Code/PE_LDD.o
                0x1fffe930                PE_LDD_DeviceDataList
 .bss.argv      0x1fffe938        0x4 ./Project_Settings/Startup_Code/__arm_start.o
 .bss.fs.6715   0x1fffe93c      0x238 ./Sources/main.o
 .bss.fp.6716   0x1fffeb74      0x228 ./Sources/main.o
 .bss.__stdio_exit
                0x1fffed9c        0x4 C:/Freescale/CW MCU v10.6/MCU/ARM_GCC_Support/ewl/lib/armv6-m\libc.a(exit.o)
                0x1fffed9c                __stdio_exit
 .bss.__console_exit
                0x1fffeda0        0x4 C:/Freescale/CW MCU v10.6/MCU/ARM_GCC_Support/ewl/lib/armv6-m\libc.a(exit.o)
                0x1fffeda0                __console_exit
 .bss.__global_destructor_chain
                0x1fffeda4        0x4 C:/Freescale/CW MCU v10.6/MCU/ARM_GCC_Support/ewl/lib/armv6-m\librt.a(__arm_eabi_init.o)
                0x1fffeda4                __global_destructor_chain
 .bss.__S_romp  0x1fffeda8        0xc C:/Freescale/CW MCU v10.6/MCU/ARM_GCC_Support/ewl/lib/armv6-m\librt.a(ROMCopy.o)
 *(COMMON)
                0x1fffedb4                . = ALIGN (0x4)
                0x1fffedb4                __END_BSS = .
                0x1fffedb4                PROVIDE (__bss_end__, __END_BSS)
                0x00006fa8                _romp_at = (___ROM_AT + SIZEOF (.data))

.romp           0x1fffedb4       0x18 load address 0x00006fa8
                0x00006fa8                __S_romp = _romp_at
                0x1fffedb4        0x4 LONG 0x6f98 ___ROM_AT
                0x1fffedb8        0x4 LONG 0x1fffe000 _sdata
                0x1fffedbc        0x4 LONG 0x10 ___data_size
                0x1fffedc0        0x4 LONG 0x0
                0x1fffedc4        0x4 LONG 0x0
                0x1fffedc8        0x4 LONG 0x0

._user_heap_stack
                0x1fffedcc      0x400 load address 0x00006fc0
                0x1fffedcc                . = ALIGN (0x4)
                0x1fffedcc                PROVIDE (end, .)
                0x1fffedcc                PROVIDE (_end, .)
                0x1fffedcc                __heap_addr = .
                0x1fffedcc                . = (. + __heap_size)
                0x1ffff1cc                . = (. + __stack_size)
 *fill*         0x1fffedcc      0x400 00
                0x1ffff1cc                . = ALIGN (0x4)

.ARM.attributes
                0x00000000       0x2f
 *(.ARM.attributes)
 .ARM.attributes
                0x00000000       0x31 ./Generated_Code/tasks.o
 .ARM.attributes
                0x00000031       0x31 ./Generated_Code/queue.o
 .ARM.attributes
                0x00000062       0x31 ./Generated_Code/port.o
 .ARM.attributes
                0x00000093       0x31 ./Generated_Code/list.o
 .ARM.attributes
                0x000000c4       0x31 ./Generated_Code/heap_2.o
 .ARM.attributes
                0x000000f5       0x31 ./Generated_Code/ff.o
 .ARM.attributes
                0x00000126       0x31 ./Generated_Code/WAIT1.o
 .ARM.attributes
                0x00000157       0x31 ./Generated_Code/Vectors.o
 .ARM.attributes
                0x00000188       0x31 ./Generated_Code/TmDt1.o
 .ARM.attributes
                0x000001b9       0x31 ./Generated_Code/TMOUT1.o
 .ARM.attributes
                0x000001ea       0x31 ./Generated_Code/SS1.o
 .ARM.attributes
                0x0000021b       0x31 ./Generated_Code/SM1.o
 .ARM.attributes
                0x0000024c       0x31 ./Generated_Code/SD1.o
 .ARM.attributes
                0x0000027d       0x31 ./Generated_Code/PE_LDD.o
 .ARM.attributes
                0x000002ae       0x31 ./Generated_Code/FAT1.o
 .ARM.attributes
                0x000002df       0x31 ./Generated_Code/Cpu.o
 .ARM.attributes
                0x00000310       0x31 ./Project_Settings/Startup_Code/__arm_start.o
 .ARM.attributes
                0x00000341       0x31 ./Project_Settings/Startup_Code/__arm_end.o
 .ARM.attributes
                0x00000372       0x31 ./Sources/main.o
 .ARM.attributes
                0x000003a3       0x31 ./Sources/Events.o
 .ARM.attributes
                0x000003d4       0x31 C:/Freescale/CW MCU v10.6/MCU/ARM_GCC_Support/ewl/lib/armv6-m\libc.a(exit.o)
 .ARM.attributes
                0x00000405       0x31 C:/Freescale/CW MCU v10.6/MCU/ARM_GCC_Support/ewl/lib/armv6-m\libc.a(strchr.o)
 .ARM.attributes
                0x00000436       0x31 C:/Freescale/CW MCU v10.6/MCU/ARM_GCC_Support/ewl/lib/armv6-m\libc.a(memset.o)
 .ARM.attributes
                0x00000467       0x31 C:/Freescale/CW MCU v10.6/MCU/ARM_GCC_Support/ewl/lib/armv6-m\libc.a(__filll_mem.o)
 .ARM.attributes
                0x00000498       0x31 C:/Freescale/CW MCU v10.6/MCU/ARM_GCC_Support/ewl/lib/armv6-m\libc.a(memcpy.o)
 .ARM.attributes
                0x000004c9       0x31 C:/Freescale/CW MCU v10.6/MCU/ARM_GCC_Support/ewl/lib/armv6-m\libc.a(strlen.o)
 .ARM.attributes
                0x000004fa       0x31 C:/Freescale/CW MCU v10.6/MCU/ARM_GCC_Support/ewl/lib/armv6-m\libc.a(printformat_.o)
 .ARM.attributes
                0x0000052b       0x31 C:/Freescale/CW MCU v10.6/MCU/ARM_GCC_Support/ewl/lib/armv6-m\libc.a(scanformat_.o)
 .ARM.attributes
                0x0000055c       0x31 C:/Freescale/CW MCU v10.6/MCU/ARM_GCC_Support/ewl/lib/armv6-m\libc.a(ctype_aeabi.o)
 .ARM.attributes
                0x0000058d       0x31 C:/Freescale/CW MCU v10.6/MCU/ARM_GCC_Support/ewl/lib/armv6-m\libc.a(__strtoul.o)
 .ARM.attributes
                0x000005be       0x31 C:/Freescale/CW MCU v10.6/MCU/ARM_GCC_Support/ewl/lib/armv6-m\libc.a(memchr.o)
 .ARM.attributes
                0x000005ef       0x1e c:/freescale/cw mcu v10.6/cross_tools/arm-none-eabi-gcc-4_7_3/bin/../lib/gcc/arm-none-eabi/4.7.3/armv6-m\libgcc.a(_thumb1_case_sqi.o)
 .ARM.attributes
                0x0000060d       0x1e c:/freescale/cw mcu v10.6/cross_tools/arm-none-eabi-gcc-4_7_3/bin/../lib/gcc/arm-none-eabi/4.7.3/armv6-m\libgcc.a(_thumb1_case_uqi.o)
 .ARM.attributes
                0x0000062b       0x1e c:/freescale/cw mcu v10.6/cross_tools/arm-none-eabi-gcc-4_7_3/bin/../lib/gcc/arm-none-eabi/4.7.3/armv6-m\libgcc.a(_udivsi3.o)
 .ARM.attributes
                0x00000649       0x1e c:/freescale/cw mcu v10.6/cross_tools/arm-none-eabi-gcc-4_7_3/bin/../lib/gcc/arm-none-eabi/4.7.3/armv6-m\libgcc.a(_dvmd_tls.o)
 .ARM.attributes
                0x00000667       0x31 C:/Freescale/CW MCU v10.6/MCU/ARM_GCC_Support/ewl/lib/armv6-m\librt.a(gcc_ctor_dtor.o)
 .ARM.attributes
                0x00000698       0x31 C:/Freescale/CW MCU v10.6/MCU/ARM_GCC_Support/ewl/lib/armv6-m\librt.a(__arm_eabi_init.o)
 .ARM.attributes
                0x000006c9       0x31 C:/Freescale/CW MCU v10.6/MCU/ARM_GCC_Support/ewl/lib/armv6-m\librt.a(ROMCopy.o)
OUTPUT(SD-Card-Test.elf elf32-littlearm)

.debug_info     0x00000000     0x9361
 .debug_info    0x00000000      0xf4b ./Generated_Code/tasks.o
 .debug_info    0x00000f4b      0xa86 ./Generated_Code/queue.o
 .debug_info    0x000019d1      0x29c ./Generated_Code/port.o
 .debug_info    0x00001c6d      0x2bf ./Generated_Code/list.o
 .debug_info    0x00001f2c      0x2d5 ./Generated_Code/heap_2.o
 .debug_info    0x00002201     0x20ff ./Generated_Code/ff.o
 .debug_info    0x00004300      0x13c ./Generated_Code/WAIT1.o
 .debug_info    0x0000443c      0x10b ./Generated_Code/Vectors.o
 .debug_info    0x00004547      0x392 ./Generated_Code/TmDt1.o
 .debug_info    0x000048d9      0x2bf ./Generated_Code/TMOUT1.o
 .debug_info    0x00004b98      0x3ca ./Generated_Code/SS1.o
 .debug_info    0x00004f62      0x811 ./Generated_Code/SM1.o
 .debug_info    0x00005773      0x84a ./Generated_Code/SD1.o
 .debug_info    0x00005fbd      0x255 ./Generated_Code/PE_LDD.o
 .debug_info    0x00006212      0x5ed ./Generated_Code/FAT1.o
 .debug_info    0x000067ff      0x8e8 ./Generated_Code/Cpu.o
 .debug_info    0x000070e7      0x12a ./Project_Settings/Startup_Code/__arm_start.o
 .debug_info    0x00007211       0x54 ./Project_Settings/Startup_Code/__arm_end.o
 .debug_info    0x00007265      0x395 ./Sources/main.o
 .debug_info    0x000075fa      0x14f ./Sources/Events.o
 .debug_info    0x00007749       0xe8 C:/Freescale/CW MCU v10.6/MCU/ARM_GCC_Support/ewl/lib/armv6-m\libc.a(exit.o)
 .debug_info    0x00007831      0x10b C:/Freescale/CW MCU v10.6/MCU/ARM_GCC_Support/ewl/lib/armv6-m\libc.a(strchr.o)
 .debug_info    0x0000793c       0xec C:/Freescale/CW MCU v10.6/MCU/ARM_GCC_Support/ewl/lib/armv6-m\libc.a(memset.o)
 .debug_info    0x00007a28      0x137 C:/Freescale/CW MCU v10.6/MCU/ARM_GCC_Support/ewl/lib/armv6-m\libc.a(__filll_mem.o)
 .debug_info    0x00007b5f      0x10f C:/Freescale/CW MCU v10.6/MCU/ARM_GCC_Support/ewl/lib/armv6-m\libc.a(memcpy.o)
 .debug_info    0x00007c6e       0xea C:/Freescale/CW MCU v10.6/MCU/ARM_GCC_Support/ewl/lib/armv6-m\libc.a(strlen.o)
 .debug_info    0x00007d58      0x50d C:/Freescale/CW MCU v10.6/MCU/ARM_GCC_Support/ewl/lib/armv6-m\libc.a(printformat_.o)
 .debug_info    0x00008265      0x568 C:/Freescale/CW MCU v10.6/MCU/ARM_GCC_Support/ewl/lib/armv6-m\libc.a(scanformat_.o)
 .debug_info    0x000087cd      0x313 C:/Freescale/CW MCU v10.6/MCU/ARM_GCC_Support/ewl/lib/armv6-m\libc.a(ctype_aeabi.o)
 .debug_info    0x00008ae0      0x1d6 C:/Freescale/CW MCU v10.6/MCU/ARM_GCC_Support/ewl/lib/armv6-m\libc.a(__strtoul.o)
 .debug_info    0x00008cb6      0x121 C:/Freescale/CW MCU v10.6/MCU/ARM_GCC_Support/ewl/lib/armv6-m\libc.a(memchr.o)
 .debug_info    0x00008dd7      0x136 C:/Freescale/CW MCU v10.6/MCU/ARM_GCC_Support/ewl/lib/armv6-m\librt.a(gcc_ctor_dtor.o)
 .debug_info    0x00008f0d      0x2b9 C:/Freescale/CW MCU v10.6/MCU/ARM_GCC_Support/ewl/lib/armv6-m\librt.a(__arm_eabi_init.o)
 .debug_info    0x000091c6      0x19b C:/Freescale/CW MCU v10.6/MCU/ARM_GCC_Support/ewl/lib/armv6-m\librt.a(ROMCopy.o)

.debug_abbrev   0x00000000     0x20e5
 .debug_abbrev  0x00000000      0x1a0 ./Generated_Code/tasks.o
 .debug_abbrev  0x000001a0      0x158 ./Generated_Code/queue.o
 .debug_abbrev  0x000002f8       0xee ./Generated_Code/port.o
 .debug_abbrev  0x000003e6       0xb6 ./Generated_Code/list.o
 .debug_abbrev  0x0000049c      0x141 ./Generated_Code/heap_2.o
 .debug_abbrev  0x000005dd      0x1c2 ./Generated_Code/ff.o
 .debug_abbrev  0x0000079f       0xa3 ./Generated_Code/WAIT1.o
 .debug_abbrev  0x00000842       0xa3 ./Generated_Code/Vectors.o
 .debug_abbrev  0x000008e5      0x103 ./Generated_Code/TmDt1.o
 .debug_abbrev  0x000009e8       0xa4 ./Generated_Code/TMOUT1.o
 .debug_abbrev  0x00000a8c      0x151 ./Generated_Code/SS1.o
 .debug_abbrev  0x00000bdd      0x172 ./Generated_Code/SM1.o
 .debug_abbrev  0x00000d4f      0x1cf ./Generated_Code/SD1.o
 .debug_abbrev  0x00000f1e      0x102 ./Generated_Code/PE_LDD.o
 .debug_abbrev  0x00001020      0x138 ./Generated_Code/FAT1.o
 .debug_abbrev  0x00001158      0x122 ./Generated_Code/Cpu.o
 .debug_abbrev  0x0000127a       0x92 ./Project_Settings/Startup_Code/__arm_start.o
 .debug_abbrev  0x0000130c       0x4c ./Project_Settings/Startup_Code/__arm_end.o
 .debug_abbrev  0x00001358       0xd4 ./Sources/main.o
 .debug_abbrev  0x0000142c       0x8b ./Sources/Events.o
 .debug_abbrev  0x000014b7       0x7a C:/Freescale/CW MCU v10.6/MCU/ARM_GCC_Support/ewl/lib/armv6-m\libc.a(exit.o)
 .debug_abbrev  0x00001531       0x7a C:/Freescale/CW MCU v10.6/MCU/ARM_GCC_Support/ewl/lib/armv6-m\libc.a(strchr.o)
 .debug_abbrev  0x000015ab       0x62 C:/Freescale/CW MCU v10.6/MCU/ARM_GCC_Support/ewl/lib/armv6-m\libc.a(memset.o)
 .debug_abbrev  0x0000160d       0x78 C:/Freescale/CW MCU v10.6/MCU/ARM_GCC_Support/ewl/lib/armv6-m\libc.a(__filll_mem.o)
 .debug_abbrev  0x00001685       0x95 C:/Freescale/CW MCU v10.6/MCU/ARM_GCC_Support/ewl/lib/armv6-m\libc.a(memcpy.o)
 .debug_abbrev  0x0000171a       0x7a C:/Freescale/CW MCU v10.6/MCU/ARM_GCC_Support/ewl/lib/armv6-m\libc.a(strlen.o)
 .debug_abbrev  0x00001794      0x200 C:/Freescale/CW MCU v10.6/MCU/ARM_GCC_Support/ewl/lib/armv6-m\libc.a(printformat_.o)
 .debug_abbrev  0x00001994      0x1f0 C:/Freescale/CW MCU v10.6/MCU/ARM_GCC_Support/ewl/lib/armv6-m\libc.a(scanformat_.o)
 .debug_abbrev  0x00001b84       0x9e C:/Freescale/CW MCU v10.6/MCU/ARM_GCC_Support/ewl/lib/armv6-m\libc.a(ctype_aeabi.o)
 .debug_abbrev  0x00001c22       0xc2 C:/Freescale/CW MCU v10.6/MCU/ARM_GCC_Support/ewl/lib/armv6-m\libc.a(__strtoul.o)
 .debug_abbrev  0x00001ce4       0x95 C:/Freescale/CW MCU v10.6/MCU/ARM_GCC_Support/ewl/lib/armv6-m\libc.a(memchr.o)
 .debug_abbrev  0x00001d79       0x99 C:/Freescale/CW MCU v10.6/MCU/ARM_GCC_Support/ewl/lib/armv6-m\librt.a(gcc_ctor_dtor.o)
 .debug_abbrev  0x00001e12      0x1b3 C:/Freescale/CW MCU v10.6/MCU/ARM_GCC_Support/ewl/lib/armv6-m\librt.a(__arm_eabi_init.o)
 .debug_abbrev  0x00001fc5      0x120 C:/Freescale/CW MCU v10.6/MCU/ARM_GCC_Support/ewl/lib/armv6-m\librt.a(ROMCopy.o)

.debug_loc      0x00000000     0x5775
 .debug_loc     0x00000000      0x84c ./Generated_Code/tasks.o
 .debug_loc     0x0000084c      0x508 ./Generated_Code/queue.o
 .debug_loc     0x00000d54      0x254 ./Generated_Code/port.o
 .debug_loc     0x00000fa8      0x118 ./Generated_Code/list.o
 .debug_loc     0x000010c0      0x100 ./Generated_Code/heap_2.o
 .debug_loc     0x000011c0      0xca6 ./Generated_Code/ff.o
 .debug_loc     0x00001e66       0xa8 ./Generated_Code/WAIT1.o
 .debug_loc     0x00001f0e      0x1a8 ./Generated_Code/TmDt1.o
 .debug_loc     0x000020b6      0x188 ./Generated_Code/TMOUT1.o
 .debug_loc     0x0000223e      0x150 ./Generated_Code/SS1.o
 .debug_loc     0x0000238e      0x150 ./Generated_Code/SM1.o
 .debug_loc     0x000024de      0x524 ./Generated_Code/SD1.o
 .debug_loc     0x00002a02       0x9c ./Generated_Code/PE_LDD.o
 .debug_loc     0x00002a9e      0x380 ./Generated_Code/FAT1.o
 .debug_loc     0x00002e1e       0xb0 ./Generated_Code/Cpu.o
 .debug_loc     0x00002ece       0x2c ./Project_Settings/Startup_Code/__arm_start.o
 .debug_loc     0x00002efa       0x38 ./Project_Settings/Startup_Code/__arm_end.o
 .debug_loc     0x00002f32       0x38 ./Sources/main.o
 .debug_loc     0x00002f6a      0x120 ./Sources/Events.o
 .debug_loc     0x0000308a       0x3e C:/Freescale/CW MCU v10.6/MCU/ARM_GCC_Support/ewl/lib/armv6-m\libc.a(exit.o)
 .debug_loc     0x000030c8       0xaf C:/Freescale/CW MCU v10.6/MCU/ARM_GCC_Support/ewl/lib/armv6-m\libc.a(strchr.o)
 .debug_loc     0x00003177       0x6f C:/Freescale/CW MCU v10.6/MCU/ARM_GCC_Support/ewl/lib/armv6-m\libc.a(memset.o)
 .debug_loc     0x000031e6      0x14a C:/Freescale/CW MCU v10.6/MCU/ARM_GCC_Support/ewl/lib/armv6-m\libc.a(__filll_mem.o)
 .debug_loc     0x00003330       0x59 C:/Freescale/CW MCU v10.6/MCU/ARM_GCC_Support/ewl/lib/armv6-m\libc.a(memcpy.o)
 .debug_loc     0x00003389       0x33 C:/Freescale/CW MCU v10.6/MCU/ARM_GCC_Support/ewl/lib/armv6-m\libc.a(strlen.o)
 .debug_loc     0x000033bc     0x104b C:/Freescale/CW MCU v10.6/MCU/ARM_GCC_Support/ewl/lib/armv6-m\libc.a(printformat_.o)
 .debug_loc     0x00004407      0x9d8 C:/Freescale/CW MCU v10.6/MCU/ARM_GCC_Support/ewl/lib/armv6-m\libc.a(scanformat_.o)
 .debug_loc     0x00004ddf      0x30d C:/Freescale/CW MCU v10.6/MCU/ARM_GCC_Support/ewl/lib/armv6-m\libc.a(ctype_aeabi.o)
 .debug_loc     0x000050ec      0x305 C:/Freescale/CW MCU v10.6/MCU/ARM_GCC_Support/ewl/lib/armv6-m\libc.a(__strtoul.o)
 .debug_loc     0x000053f1       0x77 C:/Freescale/CW MCU v10.6/MCU/ARM_GCC_Support/ewl/lib/armv6-m\libc.a(memchr.o)
 .debug_loc     0x00005468       0x9d C:/Freescale/CW MCU v10.6/MCU/ARM_GCC_Support/ewl/lib/armv6-m\librt.a(gcc_ctor_dtor.o)
 .debug_loc     0x00005505      0x197 C:/Freescale/CW MCU v10.6/MCU/ARM_GCC_Support/ewl/lib/armv6-m\librt.a(__arm_eabi_init.o)
 .debug_loc     0x0000569c       0xd9 C:/Freescale/CW MCU v10.6/MCU/ARM_GCC_Support/ewl/lib/armv6-m\librt.a(ROMCopy.o)

.debug_aranges  0x00000000      0xbb8
 .debug_aranges
                0x00000000      0x150 ./Generated_Code/tasks.o
 .debug_aranges
                0x00000150       0xd0 ./Generated_Code/queue.o
 .debug_aranges
                0x00000220       0x90 ./Generated_Code/port.o
 .debug_aranges
                0x000002b0       0x40 ./Generated_Code/list.o
 .debug_aranges
                0x000002f0       0x40 ./Generated_Code/heap_2.o
 .debug_aranges
                0x00000330      0x1e0 ./Generated_Code/ff.o
 .debug_aranges
                0x00000510       0x40 ./Generated_Code/WAIT1.o
 .debug_aranges
                0x00000550       0x18 ./Generated_Code/Vectors.o
 .debug_aranges
                0x00000568       0x58 ./Generated_Code/TmDt1.o
 .debug_aranges
                0x000005c0       0x50 ./Generated_Code/TMOUT1.o
 .debug_aranges
                0x00000610       0x48 ./Generated_Code/SS1.o
 .debug_aranges
                0x00000658       0x48 ./Generated_Code/SM1.o
 .debug_aranges
                0x000006a0       0xe0 ./Generated_Code/SD1.o
 .debug_aranges
                0x00000780       0x30 ./Generated_Code/PE_LDD.o
 .debug_aranges
                0x000007b0       0x98 ./Generated_Code/FAT1.o
 .debug_aranges
                0x00000848       0x38 ./Generated_Code/Cpu.o
 .debug_aranges
                0x00000880       0x30 ./Project_Settings/Startup_Code/__arm_start.o
 .debug_aranges
                0x000008b0       0x20 ./Project_Settings/Startup_Code/__arm_end.o
 .debug_aranges
                0x000008d0       0x20 ./Sources/main.o
 .debug_aranges
                0x000008f0       0x48 ./Sources/Events.o
 .debug_aranges
                0x00000938       0x20 C:/Freescale/CW MCU v10.6/MCU/ARM_GCC_Support/ewl/lib/armv6-m\libc.a(exit.o)
 .debug_aranges
                0x00000958       0x20 C:/Freescale/CW MCU v10.6/MCU/ARM_GCC_Support/ewl/lib/armv6-m\libc.a(strchr.o)
 .debug_aranges
                0x00000978       0x20 C:/Freescale/CW MCU v10.6/MCU/ARM_GCC_Support/ewl/lib/armv6-m\libc.a(memset.o)
 .debug_aranges
                0x00000998       0x20 C:/Freescale/CW MCU v10.6/MCU/ARM_GCC_Support/ewl/lib/armv6-m\libc.a(__filll_mem.o)
 .debug_aranges
                0x000009b8       0x20 C:/Freescale/CW MCU v10.6/MCU/ARM_GCC_Support/ewl/lib/armv6-m\libc.a(memcpy.o)
 .debug_aranges
                0x000009d8       0x20 C:/Freescale/CW MCU v10.6/MCU/ARM_GCC_Support/ewl/lib/armv6-m\libc.a(strlen.o)
 .debug_aranges
                0x000009f8       0x28 C:/Freescale/CW MCU v10.6/MCU/ARM_GCC_Support/ewl/lib/armv6-m\libc.a(printformat_.o)
 .debug_aranges
                0x00000a20       0x20 C:/Freescale/CW MCU v10.6/MCU/ARM_GCC_Support/ewl/lib/armv6-m\libc.a(scanformat_.o)
 .debug_aranges
                0x00000a40       0x88 C:/Freescale/CW MCU v10.6/MCU/ARM_GCC_Support/ewl/lib/armv6-m\libc.a(ctype_aeabi.o)
 .debug_aranges
                0x00000ac8       0x20 C:/Freescale/CW MCU v10.6/MCU/ARM_GCC_Support/ewl/lib/armv6-m\libc.a(__strtoul.o)
 .debug_aranges
                0x00000ae8       0x20 C:/Freescale/CW MCU v10.6/MCU/ARM_GCC_Support/ewl/lib/armv6-m\libc.a(memchr.o)
 .debug_aranges
                0x00000b08       0x28 C:/Freescale/CW MCU v10.6/MCU/ARM_GCC_Support/ewl/lib/armv6-m\librt.a(gcc_ctor_dtor.o)
 .debug_aranges
                0x00000b30       0x58 C:/Freescale/CW MCU v10.6/MCU/ARM_GCC_Support/ewl/lib/armv6-m\librt.a(__arm_eabi_init.o)
 .debug_aranges
                0x00000b88       0x30 C:/Freescale/CW MCU v10.6/MCU/ARM_GCC_Support/ewl/lib/armv6-m\librt.a(ROMCopy.o)

.debug_macinfo  0x00000000   0x43b78d
 .debug_macinfo
                0x00000000    0x48c3a ./Generated_Code/tasks.o
 .debug_macinfo
                0x00048c3a     0xea26 ./Generated_Code/queue.o
 .debug_macinfo
                0x00057660    0x3d6d5 ./Generated_Code/port.o
 .debug_macinfo
                0x00094d35     0xdcd8 ./Generated_Code/list.o
 .debug_macinfo
                0x000a2a0d    0x487b8 ./Generated_Code/heap_2.o
 .debug_macinfo
                0x000eb1c5     0xbf0a ./Generated_Code/ff.o
 .debug_macinfo
                0x000f70cf    0x3d0c3 ./Generated_Code/WAIT1.o
 .debug_macinfo
                0x00134192    0x485ae ./Generated_Code/Vectors.o
 .debug_macinfo
                0x0017c740    0x403df ./Generated_Code/TmDt1.o
 .debug_macinfo
                0x001bcb1f    0x403e1 ./Generated_Code/TMOUT1.o
 .debug_macinfo
                0x001fcf00    0x3dce7 ./Generated_Code/SS1.o
 .debug_macinfo
                0x0023abe7    0x4857c ./Generated_Code/SM1.o
 .debug_macinfo
                0x00283163    0x47ac8 ./Generated_Code/SD1.o
 .debug_macinfo
                0x002cac2b    0x4845c ./Generated_Code/PE_LDD.o
 .debug_macinfo
                0x00313087    0x4844d ./Generated_Code/FAT1.o
 .debug_macinfo
                0x0035b4d4    0x485ac ./Generated_Code/Cpu.o
 .debug_macinfo
                0x003a3a80     0x3e6d ./Project_Settings/Startup_Code/__arm_start.o
 .debug_macinfo
                0x003a78ed     0x3456 ./Project_Settings/Startup_Code/__arm_end.o
 .debug_macinfo
                0x003aad43    0x485b3 ./Sources/main.o
 .debug_macinfo
                0x003f32f6    0x48497 ./Sources/Events.o

.debug_line     0x00000000     0x7ab6
 .debug_line    0x00000000      0xaab ./Generated_Code/tasks.o
 .debug_line    0x00000aab      0x636 ./Generated_Code/queue.o
 .debug_line    0x000010e1      0x42d ./Generated_Code/port.o
 .debug_line    0x0000150e      0x2d8 ./Generated_Code/list.o
 .debug_line    0x000017e6      0x5ba ./Generated_Code/heap_2.o
 .debug_line    0x00001da0      0xe75 ./Generated_Code/ff.o
 .debug_line    0x00002c15      0x332 ./Generated_Code/WAIT1.o
 .debug_line    0x00002f47      0x577 ./Generated_Code/Vectors.o
 .debug_line    0x000034be      0x418 ./Generated_Code/TmDt1.o
 .debug_line    0x000038d6      0x3f4 ./Generated_Code/TMOUT1.o
 .debug_line    0x00003cca      0x396 ./Generated_Code/SS1.o
 .debug_line    0x00004060      0x5ac ./Generated_Code/SM1.o
 .debug_line    0x0000460c      0x753 ./Generated_Code/SD1.o
 .debug_line    0x00004d5f      0x462 ./Generated_Code/PE_LDD.o
 .debug_line    0x000051c1      0x58d ./Generated_Code/FAT1.o
 .debug_line    0x0000574e      0x5f2 ./Generated_Code/Cpu.o
 .debug_line    0x00005d40      0x2bf ./Project_Settings/Startup_Code/__arm_start.o
 .debug_line    0x00005fff      0x265 ./Project_Settings/Startup_Code/__arm_end.o
 .debug_line    0x00006264      0x493 ./Sources/main.o
 .debug_line    0x000066f7      0x4e3 ./Sources/Events.o
 .debug_line    0x00006bda       0x8d C:/Freescale/CW MCU v10.6/MCU/ARM_GCC_Support/ewl/lib/armv6-m\libc.a(exit.o)
 .debug_line    0x00006c67       0x7d C:/Freescale/CW MCU v10.6/MCU/ARM_GCC_Support/ewl/lib/armv6-m\libc.a(strchr.o)
 .debug_line    0x00006ce4       0x90 C:/Freescale/CW MCU v10.6/MCU/ARM_GCC_Support/ewl/lib/armv6-m\libc.a(memset.o)
 .debug_line    0x00006d74       0xf6 C:/Freescale/CW MCU v10.6/MCU/ARM_GCC_Support/ewl/lib/armv6-m\libc.a(__filll_mem.o)
 .debug_line    0x00006e6a       0x8b C:/Freescale/CW MCU v10.6/MCU/ARM_GCC_Support/ewl/lib/armv6-m\libc.a(memcpy.o)
 .debug_line    0x00006ef5       0x85 C:/Freescale/CW MCU v10.6/MCU/ARM_GCC_Support/ewl/lib/armv6-m\libc.a(strlen.o)
 .debug_line    0x00006f7a      0x2c3 C:/Freescale/CW MCU v10.6/MCU/ARM_GCC_Support/ewl/lib/armv6-m\libc.a(printformat_.o)
 .debug_line    0x0000723d      0x2be C:/Freescale/CW MCU v10.6/MCU/ARM_GCC_Support/ewl/lib/armv6-m\libc.a(scanformat_.o)
 .debug_line    0x000074fb      0x1be C:/Freescale/CW MCU v10.6/MCU/ARM_GCC_Support/ewl/lib/armv6-m\libc.a(ctype_aeabi.o)
 .debug_line    0x000076b9      0x11e C:/Freescale/CW MCU v10.6/MCU/ARM_GCC_Support/ewl/lib/armv6-m\libc.a(__strtoul.o)
 .debug_line    0x000077d7       0x9f C:/Freescale/CW MCU v10.6/MCU/ARM_GCC_Support/ewl/lib/armv6-m\libc.a(memchr.o)
 .debug_line    0x00007876       0x6c C:/Freescale/CW MCU v10.6/MCU/ARM_GCC_Support/ewl/lib/armv6-m\librt.a(gcc_ctor_dtor.o)
 .debug_line    0x000078e2      0x117 C:/Freescale/CW MCU v10.6/MCU/ARM_GCC_Support/ewl/lib/armv6-m\librt.a(__arm_eabi_init.o)
 .debug_line    0x000079f9       0xbd C:/Freescale/CW MCU v10.6/MCU/ARM_GCC_Support/ewl/lib/armv6-m\librt.a(ROMCopy.o)

.debug_str      0x00000000     0x2cc1
 .debug_str     0x00000000      0x967 ./Generated_Code/tasks.o
                                0x9f5 (size before relaxing)
 .debug_str     0x00000967      0x3bf ./Generated_Code/queue.o
                                0x65c (size before relaxing)
 .debug_str     0x00000d26      0x15f ./Generated_Code/port.o
                                0x2e6 (size before relaxing)
 .debug_str     0x00000e85       0xad ./Generated_Code/list.o
                                0x2a0 (size before relaxing)
 .debug_str     0x00000f32      0x14f ./Generated_Code/heap_2.o
                                0x2c5 (size before relaxing)
 .debug_str     0x00001081      0x584 ./Generated_Code/ff.o
                                0x72a (size before relaxing)
 .debug_str     0x00001605       0x84 ./Generated_Code/WAIT1.o
                                0x1d5 (size before relaxing)
 .debug_str     0x00001689       0x55 ./Generated_Code/Vectors.o
                                0x19d (size before relaxing)
 .debug_str     0x000016de       0xd9 ./Generated_Code/TmDt1.o
                                0x247 (size before relaxing)
 .debug_str     0x000017b7       0xe7 ./Generated_Code/TMOUT1.o
                                0x24c (size before relaxing)
 .debug_str     0x0000189e      0x166 ./Generated_Code/SS1.o
                                0x2e4 (size before relaxing)
 .debug_str     0x00001a04      0x2ce ./Generated_Code/SM1.o
                                0x4ea (size before relaxing)
 .debug_str     0x00001cd2      0x251 ./Generated_Code/SD1.o
                                0x47d (size before relaxing)
 .debug_str     0x00001f23      0x172 ./Generated_Code/PE_LDD.o
                                0x300 (size before relaxing)
 .debug_str     0x00002095       0xd4 ./Generated_Code/FAT1.o
                                0x456 (size before relaxing)
 .debug_str     0x00002169      0x18c ./Generated_Code/Cpu.o
                                0x44c (size before relaxing)
 .debug_str     0x000022f5       0x85 ./Project_Settings/Startup_Code/__arm_start.o
                                0x1be (size before relaxing)
 .debug_str     0x0000237a       0x3a ./Project_Settings/Startup_Code/__arm_end.o
                                 0xf5 (size before relaxing)
 .debug_str     0x000023b4       0x12 ./Sources/main.o
                                0x352 (size before relaxing)
 .debug_str     0x000023c6       0xb9 ./Sources/Events.o
                                0x22a (size before relaxing)
 .debug_str     0x0000247f       0x54 C:/Freescale/CW MCU v10.6/MCU/ARM_GCC_Support/ewl/lib/armv6-m\libc.a(exit.o)
                                0x157 (size before relaxing)
 .debug_str     0x000024d3       0x1c C:/Freescale/CW MCU v10.6/MCU/ARM_GCC_Support/ewl/lib/armv6-m\libc.a(strchr.o)
                                0x137 (size before relaxing)
 .debug_str     0x000024ef       0x1c C:/Freescale/CW MCU v10.6/MCU/ARM_GCC_Support/ewl/lib/armv6-m\libc.a(memset.o)
                                0x140 (size before relaxing)
 .debug_str     0x0000250b       0x2d C:/Freescale/CW MCU v10.6/MCU/ARM_GCC_Support/ewl/lib/armv6-m\libc.a(__filll_mem.o)
                                0x152 (size before relaxing)
 .debug_str     0x00002538       0x1c C:/Freescale/CW MCU v10.6/MCU/ARM_GCC_Support/ewl/lib/armv6-m\libc.a(memcpy.o)
                                0x138 (size before relaxing)
 .debug_str     0x00002554       0x1c C:/Freescale/CW MCU v10.6/MCU/ARM_GCC_Support/ewl/lib/armv6-m\libc.a(strlen.o)
                                0x140 (size before relaxing)
 .debug_str     0x00002570      0x21a C:/Freescale/CW MCU v10.6/MCU/ARM_GCC_Support/ewl/lib/armv6-m\libc.a(printformat_.o)
                                0x3b3 (size before relaxing)
 .debug_str     0x0000278a      0x184 C:/Freescale/CW MCU v10.6/MCU/ARM_GCC_Support/ewl/lib/armv6-m\libc.a(scanformat_.o)
                                0x3f9 (size before relaxing)
 .debug_str     0x0000290e       0x9d C:/Freescale/CW MCU v10.6/MCU/ARM_GCC_Support/ewl/lib/armv6-m\libc.a(ctype_aeabi.o)
                                0x1bc (size before relaxing)
 .debug_str     0x000029ab       0x55 C:/Freescale/CW MCU v10.6/MCU/ARM_GCC_Support/ewl/lib/armv6-m\libc.a(__strtoul.o)
                                0x1fb (size before relaxing)
 .debug_str     0x00002a00       0x1c C:/Freescale/CW MCU v10.6/MCU/ARM_GCC_Support/ewl/lib/armv6-m\libc.a(memchr.o)
                                0x148 (size before relaxing)
 .debug_str     0x00002a1c      0x126 C:/Freescale/CW MCU v10.6/MCU/ARM_GCC_Support/ewl/lib/armv6-m\librt.a(gcc_ctor_dtor.o)
                                0x181 (size before relaxing)
 .debug_str     0x00002b42       0xe9 C:/Freescale/CW MCU v10.6/MCU/ARM_GCC_Support/ewl/lib/armv6-m\librt.a(__arm_eabi_init.o)
                                0x1b5 (size before relaxing)
 .debug_str     0x00002c2b       0x96 C:/Freescale/CW MCU v10.6/MCU/ARM_GCC_Support/ewl/lib/armv6-m\librt.a(ROMCopy.o)
                                0x13c (size before relaxing)

.comment        0x00000000       0x79
 .comment       0x00000000       0x79 ./Generated_Code/tasks.o
                                 0x7a (size before relaxing)
 .comment       0x00000000       0x7a ./Generated_Code/queue.o
 .comment       0x00000000       0x7a ./Generated_Code/port.o
 .comment       0x00000000       0x7a ./Generated_Code/list.o
 .comment       0x00000000       0x7a ./Generated_Code/heap_2.o
 .comment       0x00000000       0x7a ./Generated_Code/ff.o
 .comment       0x00000000       0x7a ./Generated_Code/WAIT1.o
 .comment       0x00000000       0x7a ./Generated_Code/Vectors.o
 .comment       0x00000000       0x7a ./Generated_Code/TmDt1.o
 .comment       0x00000000       0x7a ./Generated_Code/TMOUT1.o
 .comment       0x00000000       0x7a ./Generated_Code/SS1.o
 .comment       0x00000000       0x7a ./Generated_Code/SM1.o
 .comment       0x00000000       0x7a ./Generated_Code/SD1.o
 .comment       0x00000000       0x7a ./Generated_Code/PE_LDD.o
 .comment       0x00000000       0x7a ./Generated_Code/FAT1.o
 .comment       0x00000000       0x7a ./Generated_Code/Cpu.o
 .comment       0x00000000       0x7a ./Project_Settings/Startup_Code/__arm_start.o
 .comment       0x00000000       0x7a ./Project_Settings/Startup_Code/__arm_end.o
 .comment       0x00000000       0x7a ./Sources/main.o
 .comment       0x00000000       0x7a ./Sources/Events.o
 .comment       0x00000000       0x7a C:/Freescale/CW MCU v10.6/MCU/ARM_GCC_Support/ewl/lib/armv6-m\libc.a(exit.o)
 .comment       0x00000000       0x7a C:/Freescale/CW MCU v10.6/MCU/ARM_GCC_Support/ewl/lib/armv6-m\libc.a(strchr.o)
 .comment       0x00000000       0x7a C:/Freescale/CW MCU v10.6/MCU/ARM_GCC_Support/ewl/lib/armv6-m\libc.a(memset.o)
 .comment       0x00000000       0x7a C:/Freescale/CW MCU v10.6/MCU/ARM_GCC_Support/ewl/lib/armv6-m\libc.a(__filll_mem.o)
 .comment       0x00000000       0x7a C:/Freescale/CW MCU v10.6/MCU/ARM_GCC_Support/ewl/lib/armv6-m\libc.a(memcpy.o)
 .comment       0x00000000       0x7a C:/Freescale/CW MCU v10.6/MCU/ARM_GCC_Support/ewl/lib/armv6-m\libc.a(strlen.o)
 .comment       0x00000000       0x7a C:/Freescale/CW MCU v10.6/MCU/ARM_GCC_Support/ewl/lib/armv6-m\libc.a(printformat_.o)
 .comment       0x00000000       0x7a C:/Freescale/CW MCU v10.6/MCU/ARM_GCC_Support/ewl/lib/armv6-m\libc.a(scanformat_.o)
 .comment       0x00000000       0x7a C:/Freescale/CW MCU v10.6/MCU/ARM_GCC_Support/ewl/lib/armv6-m\libc.a(ctype_aeabi.o)
 .comment       0x00000000       0x7a C:/Freescale/CW MCU v10.6/MCU/ARM_GCC_Support/ewl/lib/armv6-m\libc.a(__strtoul.o)
 .comment       0x00000000       0x7a C:/Freescale/CW MCU v10.6/MCU/ARM_GCC_Support/ewl/lib/armv6-m\libc.a(memchr.o)
 .comment       0x00000000       0x7a C:/Freescale/CW MCU v10.6/MCU/ARM_GCC_Support/ewl/lib/armv6-m\librt.a(gcc_ctor_dtor.o)
 .comment       0x00000000       0x7a C:/Freescale/CW MCU v10.6/MCU/ARM_GCC_Support/ewl/lib/armv6-m\librt.a(__arm_eabi_init.o)
 .comment       0x00000000       0x7a C:/Freescale/CW MCU v10.6/MCU/ARM_GCC_Support/ewl/lib/armv6-m\librt.a(ROMCopy.o)

.debug_frame    0x00000000     0x2240
 .debug_frame   0x00000000      0x4dc ./Generated_Code/tasks.o
 .debug_frame   0x000004dc      0x2f0 ./Generated_Code/queue.o
 .debug_frame   0x000007cc      0x1a4 ./Generated_Code/port.o
 .debug_frame   0x00000970       0xb0 ./Generated_Code/list.o
 .debug_frame   0x00000a20       0xa8 ./Generated_Code/heap_2.o
 .debug_frame   0x00000ac8      0x734 ./Generated_Code/ff.o
 .debug_frame   0x000011fc       0x90 ./Generated_Code/WAIT1.o
 .debug_frame   0x0000128c      0x108 ./Generated_Code/TmDt1.o
 .debug_frame   0x00001394       0xf0 ./Generated_Code/TMOUT1.o
 .debug_frame   0x00001484       0xd0 ./Generated_Code/SS1.o
 .debug_frame   0x00001554       0xd0 ./Generated_Code/SM1.o
 .debug_frame   0x00001624      0x314 ./Generated_Code/SD1.o
 .debug_frame   0x00001938       0x6c ./Generated_Code/PE_LDD.o
 .debug_frame   0x000019a4      0x210 ./Generated_Code/FAT1.o
 .debug_frame   0x00001bb4       0x80 ./Generated_Code/Cpu.o
 .debug_frame   0x00001c34       0x4c ./Project_Settings/Startup_Code/__arm_start.o
 .debug_frame   0x00001c80       0x30 ./Project_Settings/Startup_Code/__arm_end.o
 .debug_frame   0x00001cb0       0x30 ./Sources/main.o
 .debug_frame   0x00001ce0       0xc0 ./Sources/Events.o
 .debug_frame   0x00001da0       0x2c C:/Freescale/CW MCU v10.6/MCU/ARM_GCC_Support/ewl/lib/armv6-m\libc.a(exit.o)
 .debug_frame   0x00001dcc       0x28 C:/Freescale/CW MCU v10.6/MCU/ARM_GCC_Support/ewl/lib/armv6-m\libc.a(strchr.o)
 .debug_frame   0x00001df4       0x28 C:/Freescale/CW MCU v10.6/MCU/ARM_GCC_Support/ewl/lib/armv6-m\libc.a(memset.o)
 .debug_frame   0x00001e1c       0x2c C:/Freescale/CW MCU v10.6/MCU/ARM_GCC_Support/ewl/lib/armv6-m\libc.a(__filll_mem.o)
 .debug_frame   0x00001e48       0x28 C:/Freescale/CW MCU v10.6/MCU/ARM_GCC_Support/ewl/lib/armv6-m\libc.a(memcpy.o)
 .debug_frame   0x00001e70       0x28 C:/Freescale/CW MCU v10.6/MCU/ARM_GCC_Support/ewl/lib/armv6-m\libc.a(strlen.o)
 .debug_frame   0x00001e98       0x54 C:/Freescale/CW MCU v10.6/MCU/ARM_GCC_Support/ewl/lib/armv6-m\libc.a(printformat_.o)
 .debug_frame   0x00001eec       0x34 C:/Freescale/CW MCU v10.6/MCU/ARM_GCC_Support/ewl/lib/armv6-m\libc.a(scanformat_.o)
 .debug_frame   0x00001f20      0x158 C:/Freescale/CW MCU v10.6/MCU/ARM_GCC_Support/ewl/lib/armv6-m\libc.a(ctype_aeabi.o)
 .debug_frame   0x00002078       0x30 C:/Freescale/CW MCU v10.6/MCU/ARM_GCC_Support/ewl/lib/armv6-m\libc.a(__strtoul.o)
 .debug_frame   0x000020a8       0x28 C:/Freescale/CW MCU v10.6/MCU/ARM_GCC_Support/ewl/lib/armv6-m\libc.a(memchr.o)
 .debug_frame   0x000020d0       0x20 c:/freescale/cw mcu v10.6/cross_tools/arm-none-eabi-gcc-4_7_3/bin/../lib/gcc/arm-none-eabi/4.7.3/armv6-m\libgcc.a(_udivsi3.o)
 .debug_frame   0x000020f0       0x40 C:/Freescale/CW MCU v10.6/MCU/ARM_GCC_Support/ewl/lib/armv6-m\librt.a(gcc_ctor_dtor.o)
 .debug_frame   0x00002130       0xbc C:/Freescale/CW MCU v10.6/MCU/ARM_GCC_Support/ewl/lib/armv6-m\librt.a(__arm_eabi_init.o)
 .debug_frame   0x000021ec       0x54 C:/Freescale/CW MCU v10.6/MCU/ARM_GCC_Support/ewl/lib/armv6-m\librt.a(ROMCopy.o)
